Command line invocation:
    /Applications/Xcode.app/Contents/Developer/usr/bin/xcodebuild -project XOArena.xcodeproj -scheme XOArena -destination "platform=iOS Simulator,name=iPhone 16 Pro" build

--- xcodebuild: WARNING: Using the first of multiple matching destinations:
{ platform:iOS Simulator, arch:arm64, id:7B6D4BB6-57DC-49A5-A1DB-FAB5C0B9F063, OS:18.5, name:iPhone 16 Pro }
{ platform:iOS Simulator, arch:x86_64, id:7B6D4BB6-57DC-49A5-A1DB-FAB5C0B9F063, OS:18.5, name:iPhone 16 Pro }
ComputePackagePrebuildTargetDependencyGraph

Prepare packages

CreateBuildRequest

SendProjectDescription

CreateBuildOperation

ComputeTargetDependencyGraph
note: Building targets in dependency order
note: Target dependency graph (1 target)
    Target 'XOArena' in project 'XOArena' (no dependencies)

GatherProvisioningInputs

CreateBuildDescription

ExecuteExternalTool /Applications/Xcode.app/Contents/Developer/Toolchains/XcodeDefault.xctoolchain/usr/bin/clang -v -E -dM -isysroot /Applications/Xcode.app/Contents/Developer/Platforms/iPhoneSimulator.platform/Developer/SDKs/iPhoneSimulator18.5.sdk -x c -c /dev/null

ExecuteExternalTool /Applications/Xcode.app/Contents/Developer/usr/bin/actool --print-asset-tag-combinations --output-format xml1 /Volumes/External2TB/XcodeCache/Projects/XOArena/XOArena/Assets.xcassets

ExecuteExternalTool /Applications/Xcode.app/Contents/Developer/usr/bin/actool --version --output-format xml1

ExecuteExternalTool /Applications/Xcode.app/Contents/Developer/Toolchains/XcodeDefault.xctoolchain/usr/bin/swiftc --version

ExecuteExternalTool /Applications/Xcode.app/Contents/Developer/Toolchains/XcodeDefault.xctoolchain/usr/bin/ld -version_details

Build description signature: d060f4afc5f4740d4efd90e2dd48e73f
Build description path: /Users/sgazza/Library/Developer/Xcode/DerivedData/XOArena-fqdoukvydhgdohajtqjbttmkfnmy/Build/Intermediates.noindex/XCBuildData/d060f4afc5f4740d4efd90e2dd48e73f.xcbuilddata
ClangStatCache /Applications/Xcode.app/Contents/Developer/Toolchains/XcodeDefault.xctoolchain/usr/bin/clang-stat-cache /Applications/Xcode.app/Contents/Developer/Platforms/iPhoneSimulator.platform/Developer/SDKs/iPhoneSimulator18.5.sdk /Users/sgazza/Library/Developer/Xcode/DerivedData/SDKStatCaches.noindex/iphonesimulator18.5-22F76-d5fc8ad4295d2ef488fb7d0f804ce0c4.sdkstatcache
    cd /Volumes/External2TB/XcodeCache/Projects/XOArena/XOArena.xcodeproj
    /Applications/Xcode.app/Contents/Developer/Toolchains/XcodeDefault.xctoolchain/usr/bin/clang-stat-cache /Applications/Xcode.app/Contents/Developer/Platforms/iPhoneSimulator.platform/Developer/SDKs/iPhoneSimulator18.5.sdk -o /Users/sgazza/Library/Developer/Xcode/DerivedData/SDKStatCaches.noindex/iphonesimulator18.5-22F76-d5fc8ad4295d2ef488fb7d0f804ce0c4.sdkstatcache

CreateBuildDirectory /Users/sgazza/Library/Developer/Xcode/DerivedData/XOArena-fqdoukvydhgdohajtqjbttmkfnmy/Build/Products
    cd /Volumes/External2TB/XcodeCache/Projects/XOArena/XOArena.xcodeproj
    builtin-create-build-directory /Users/sgazza/Library/Developer/Xcode/DerivedData/XOArena-fqdoukvydhgdohajtqjbttmkfnmy/Build/Products

CreateBuildDirectory /Users/sgazza/Library/Developer/Xcode/DerivedData/XOArena-fqdoukvydhgdohajtqjbttmkfnmy/Build/Intermediates.noindex
    cd /Volumes/External2TB/XcodeCache/Projects/XOArena/XOArena.xcodeproj
    builtin-create-build-directory /Users/sgazza/Library/Developer/Xcode/DerivedData/XOArena-fqdoukvydhgdohajtqjbttmkfnmy/Build/Intermediates.noindex

CreateBuildDirectory /Users/sgazza/Library/Developer/Xcode/DerivedData/XOArena-fqdoukvydhgdohajtqjbttmkfnmy/Build/Intermediates.noindex/EagerLinkingTBDs/Debug-iphonesimulator
    cd /Volumes/External2TB/XcodeCache/Projects/XOArena/XOArena.xcodeproj
    builtin-create-build-directory /Users/sgazza/Library/Developer/Xcode/DerivedData/XOArena-fqdoukvydhgdohajtqjbttmkfnmy/Build/Intermediates.noindex/EagerLinkingTBDs/Debug-iphonesimulator

CreateBuildDirectory /Users/sgazza/Library/Developer/Xcode/DerivedData/XOArena-fqdoukvydhgdohajtqjbttmkfnmy/Build/Products/Debug-iphonesimulator
    cd /Volumes/External2TB/XcodeCache/Projects/XOArena/XOArena.xcodeproj
    builtin-create-build-directory /Users/sgazza/Library/Developer/Xcode/DerivedData/XOArena-fqdoukvydhgdohajtqjbttmkfnmy/Build/Products/Debug-iphonesimulator

WriteAuxiliaryFile /Users/sgazza/Library/Developer/Xcode/DerivedData/XOArena-fqdoukvydhgdohajtqjbttmkfnmy/Build/Intermediates.noindex/XOArena.build/Debug-iphonesimulator/XOArena-28b4912e49fc2e866f0bd7965ba45aed-VFS-iphonesimulator/all-product-headers.yaml
    cd /Volumes/External2TB/XcodeCache/Projects/XOArena/XOArena.xcodeproj
    write-file /Users/sgazza/Library/Developer/Xcode/DerivedData/XOArena-fqdoukvydhgdohajtqjbttmkfnmy/Build/Intermediates.noindex/XOArena.build/Debug-iphonesimulator/XOArena-28b4912e49fc2e866f0bd7965ba45aed-VFS-iphonesimulator/all-product-headers.yaml

WriteAuxiliaryFile /Users/sgazza/Library/Developer/Xcode/DerivedData/XOArena-fqdoukvydhgdohajtqjbttmkfnmy/Build/Intermediates.noindex/XOArena.build/Debug-iphonesimulator/XOArena.build/empty-XOArena.plist (in target 'XOArena' from project 'XOArena')
    cd /Volumes/External2TB/XcodeCache/Projects/XOArena
    write-file /Users/sgazza/Library/Developer/Xcode/DerivedData/XOArena-fqdoukvydhgdohajtqjbttmkfnmy/Build/Intermediates.noindex/XOArena.build/Debug-iphonesimulator/XOArena.build/empty-XOArena.plist

WriteAuxiliaryFile /Users/sgazza/Library/Developer/Xcode/DerivedData/XOArena-fqdoukvydhgdohajtqjbttmkfnmy/Build/Intermediates.noindex/XOArena.build/Debug-iphonesimulator/XOArena.build/XOArena-own-target-headers.hmap (in target 'XOArena' from project 'XOArena')
    cd /Volumes/External2TB/XcodeCache/Projects/XOArena
    write-file /Users/sgazza/Library/Developer/Xcode/DerivedData/XOArena-fqdoukvydhgdohajtqjbttmkfnmy/Build/Intermediates.noindex/XOArena.build/Debug-iphonesimulator/XOArena.build/XOArena-own-target-headers.hmap

WriteAuxiliaryFile /Users/sgazza/Library/Developer/Xcode/DerivedData/XOArena-fqdoukvydhgdohajtqjbttmkfnmy/Build/Intermediates.noindex/XOArena.build/Debug-iphonesimulator/XOArena.build/XOArena-project-headers.hmap (in target 'XOArena' from project 'XOArena')
    cd /Volumes/External2TB/XcodeCache/Projects/XOArena
    write-file /Users/sgazza/Library/Developer/Xcode/DerivedData/XOArena-fqdoukvydhgdohajtqjbttmkfnmy/Build/Intermediates.noindex/XOArena.build/Debug-iphonesimulator/XOArena.build/XOArena-project-headers.hmap

WriteAuxiliaryFile /Users/sgazza/Library/Developer/Xcode/DerivedData/XOArena-fqdoukvydhgdohajtqjbttmkfnmy/Build/Intermediates.noindex/XOArena.build/Debug-iphonesimulator/XOArena.build/XOArena-generated-files.hmap (in target 'XOArena' from project 'XOArena')
    cd /Volumes/External2TB/XcodeCache/Projects/XOArena
    write-file /Users/sgazza/Library/Developer/Xcode/DerivedData/XOArena-fqdoukvydhgdohajtqjbttmkfnmy/Build/Intermediates.noindex/XOArena.build/Debug-iphonesimulator/XOArena.build/XOArena-generated-files.hmap

WriteAuxiliaryFile /Users/sgazza/Library/Developer/Xcode/DerivedData/XOArena-fqdoukvydhgdohajtqjbttmkfnmy/Build/Intermediates.noindex/XOArena.build/Debug-iphonesimulator/XOArena.build/XOArena-all-target-headers.hmap (in target 'XOArena' from project 'XOArena')
    cd /Volumes/External2TB/XcodeCache/Projects/XOArena
    write-file /Users/sgazza/Library/Developer/Xcode/DerivedData/XOArena-fqdoukvydhgdohajtqjbttmkfnmy/Build/Intermediates.noindex/XOArena.build/Debug-iphonesimulator/XOArena.build/XOArena-all-target-headers.hmap

WriteAuxiliaryFile /Users/sgazza/Library/Developer/Xcode/DerivedData/XOArena-fqdoukvydhgdohajtqjbttmkfnmy/Build/Intermediates.noindex/XOArena.build/Debug-iphonesimulator/XOArena.build/XOArena.hmap (in target 'XOArena' from project 'XOArena')
    cd /Volumes/External2TB/XcodeCache/Projects/XOArena
    write-file /Users/sgazza/Library/Developer/Xcode/DerivedData/XOArena-fqdoukvydhgdohajtqjbttmkfnmy/Build/Intermediates.noindex/XOArena.build/Debug-iphonesimulator/XOArena.build/XOArena.hmap

WriteAuxiliaryFile /Users/sgazza/Library/Developer/Xcode/DerivedData/XOArena-fqdoukvydhgdohajtqjbttmkfnmy/Build/Intermediates.noindex/XOArena.build/Debug-iphonesimulator/XOArena.build/XOArena.DependencyStaticMetadataFileList (in target 'XOArena' from project 'XOArena')
    cd /Volumes/External2TB/XcodeCache/Projects/XOArena
    write-file /Users/sgazza/Library/Developer/Xcode/DerivedData/XOArena-fqdoukvydhgdohajtqjbttmkfnmy/Build/Intermediates.noindex/XOArena.build/Debug-iphonesimulator/XOArena.build/XOArena.DependencyStaticMetadataFileList

WriteAuxiliaryFile /Users/sgazza/Library/Developer/Xcode/DerivedData/XOArena-fqdoukvydhgdohajtqjbttmkfnmy/Build/Intermediates.noindex/XOArena.build/Debug-iphonesimulator/XOArena.build/XOArena.DependencyMetadataFileList (in target 'XOArena' from project 'XOArena')
    cd /Volumes/External2TB/XcodeCache/Projects/XOArena
    write-file /Users/sgazza/Library/Developer/Xcode/DerivedData/XOArena-fqdoukvydhgdohajtqjbttmkfnmy/Build/Intermediates.noindex/XOArena.build/Debug-iphonesimulator/XOArena.build/XOArena.DependencyMetadataFileList

WriteAuxiliaryFile /Users/sgazza/Library/Developer/Xcode/DerivedData/XOArena-fqdoukvydhgdohajtqjbttmkfnmy/Build/Intermediates.noindex/XOArena.build/Debug-iphonesimulator/XOArena.build/XOArena-all-non-framework-target-headers.hmap (in target 'XOArena' from project 'XOArena')
    cd /Volumes/External2TB/XcodeCache/Projects/XOArena
    write-file /Users/sgazza/Library/Developer/Xcode/DerivedData/XOArena-fqdoukvydhgdohajtqjbttmkfnmy/Build/Intermediates.noindex/XOArena.build/Debug-iphonesimulator/XOArena.build/XOArena-all-non-framework-target-headers.hmap

WriteAuxiliaryFile /Users/sgazza/Library/Developer/Xcode/DerivedData/XOArena-fqdoukvydhgdohajtqjbttmkfnmy/Build/Intermediates.noindex/XOArena.build/Debug-iphonesimulator/XOArena.build/XOArena-DebugDylibPath-normal-arm64.txt (in target 'XOArena' from project 'XOArena')
    cd /Volumes/External2TB/XcodeCache/Projects/XOArena
    write-file /Users/sgazza/Library/Developer/Xcode/DerivedData/XOArena-fqdoukvydhgdohajtqjbttmkfnmy/Build/Intermediates.noindex/XOArena.build/Debug-iphonesimulator/XOArena.build/XOArena-DebugDylibPath-normal-arm64.txt

WriteAuxiliaryFile /Users/sgazza/Library/Developer/Xcode/DerivedData/XOArena-fqdoukvydhgdohajtqjbttmkfnmy/Build/Intermediates.noindex/XOArena.build/Debug-iphonesimulator/XOArena.build/XOArena-DebugDylibInstallName-normal-arm64.txt (in target 'XOArena' from project 'XOArena')
    cd /Volumes/External2TB/XcodeCache/Projects/XOArena
    write-file /Users/sgazza/Library/Developer/Xcode/DerivedData/XOArena-fqdoukvydhgdohajtqjbttmkfnmy/Build/Intermediates.noindex/XOArena.build/Debug-iphonesimulator/XOArena.build/XOArena-DebugDylibInstallName-normal-arm64.txt

WriteAuxiliaryFile /Users/sgazza/Library/Developer/Xcode/DerivedData/XOArena-fqdoukvydhgdohajtqjbttmkfnmy/Build/Intermediates.noindex/XOArena.build/Debug-iphonesimulator/XOArena.build/Objects-normal/arm64/XOArena.SwiftFileList (in target 'XOArena' from project 'XOArena')
    cd /Volumes/External2TB/XcodeCache/Projects/XOArena
    write-file /Users/sgazza/Library/Developer/Xcode/DerivedData/XOArena-fqdoukvydhgdohajtqjbttmkfnmy/Build/Intermediates.noindex/XOArena.build/Debug-iphonesimulator/XOArena.build/Objects-normal/arm64/XOArena.SwiftFileList

WriteAuxiliaryFile /Users/sgazza/Library/Developer/Xcode/DerivedData/XOArena-fqdoukvydhgdohajtqjbttmkfnmy/Build/Intermediates.noindex/XOArena.build/Debug-iphonesimulator/XOArena.build/Objects-normal/arm64/XOArena.SwiftConstValuesFileList (in target 'XOArena' from project 'XOArena')
    cd /Volumes/External2TB/XcodeCache/Projects/XOArena
    write-file /Users/sgazza/Library/Developer/Xcode/DerivedData/XOArena-fqdoukvydhgdohajtqjbttmkfnmy/Build/Intermediates.noindex/XOArena.build/Debug-iphonesimulator/XOArena.build/Objects-normal/arm64/XOArena.SwiftConstValuesFileList

WriteAuxiliaryFile /Users/sgazza/Library/Developer/Xcode/DerivedData/XOArena-fqdoukvydhgdohajtqjbttmkfnmy/Build/Intermediates.noindex/XOArena.build/Debug-iphonesimulator/XOArena.build/Objects-normal/arm64/XOArena-OutputFileMap.json (in target 'XOArena' from project 'XOArena')
    cd /Volumes/External2TB/XcodeCache/Projects/XOArena
    write-file /Users/sgazza/Library/Developer/Xcode/DerivedData/XOArena-fqdoukvydhgdohajtqjbttmkfnmy/Build/Intermediates.noindex/XOArena.build/Debug-iphonesimulator/XOArena.build/Objects-normal/arm64/XOArena-OutputFileMap.json

WriteAuxiliaryFile /Users/sgazza/Library/Developer/Xcode/DerivedData/XOArena-fqdoukvydhgdohajtqjbttmkfnmy/Build/Intermediates.noindex/XOArena.build/Debug-iphonesimulator/XOArena.build/Objects-normal/arm64/XOArena_const_extract_protocols.json (in target 'XOArena' from project 'XOArena')
    cd /Volumes/External2TB/XcodeCache/Projects/XOArena
    write-file /Users/sgazza/Library/Developer/Xcode/DerivedData/XOArena-fqdoukvydhgdohajtqjbttmkfnmy/Build/Intermediates.noindex/XOArena.build/Debug-iphonesimulator/XOArena.build/Objects-normal/arm64/XOArena_const_extract_protocols.json

WriteAuxiliaryFile /Users/sgazza/Library/Developer/Xcode/DerivedData/XOArena-fqdoukvydhgdohajtqjbttmkfnmy/Build/Intermediates.noindex/XOArena.build/Debug-iphonesimulator/XOArena.build/Objects-normal/arm64/XOArena.LinkFileList (in target 'XOArena' from project 'XOArena')
    cd /Volumes/External2TB/XcodeCache/Projects/XOArena
    write-file /Users/sgazza/Library/Developer/Xcode/DerivedData/XOArena-fqdoukvydhgdohajtqjbttmkfnmy/Build/Intermediates.noindex/XOArena.build/Debug-iphonesimulator/XOArena.build/Objects-normal/arm64/XOArena.LinkFileList

WriteAuxiliaryFile /Users/sgazza/Library/Developer/Xcode/DerivedData/XOArena-fqdoukvydhgdohajtqjbttmkfnmy/Build/Intermediates.noindex/XOArena.build/Debug-iphonesimulator/XOArena.build/DerivedSources/Entitlements-Simulated.plist (in target 'XOArena' from project 'XOArena')
    cd /Volumes/External2TB/XcodeCache/Projects/XOArena
    write-file /Users/sgazza/Library/Developer/Xcode/DerivedData/XOArena-fqdoukvydhgdohajtqjbttmkfnmy/Build/Intermediates.noindex/XOArena.build/Debug-iphonesimulator/XOArena.build/DerivedSources/Entitlements-Simulated.plist

MkDir /Users/sgazza/Library/Developer/Xcode/DerivedData/XOArena-fqdoukvydhgdohajtqjbttmkfnmy/Build/Products/Debug-iphonesimulator/XOArena.app (in target 'XOArena' from project 'XOArena')
    cd /Volumes/External2TB/XcodeCache/Projects/XOArena
    /bin/mkdir -p /Users/sgazza/Library/Developer/Xcode/DerivedData/XOArena-fqdoukvydhgdohajtqjbttmkfnmy/Build/Products/Debug-iphonesimulator/XOArena.app

ProcessProductPackaging "" /Users/sgazza/Library/Developer/Xcode/DerivedData/XOArena-fqdoukvydhgdohajtqjbttmkfnmy/Build/Intermediates.noindex/XOArena.build/Debug-iphonesimulator/XOArena.build/XOArena.app-Simulated.xcent (in target 'XOArena' from project 'XOArena')
    cd /Volumes/External2TB/XcodeCache/Projects/XOArena
    
    Entitlements:
    
    {
    "application-identifier" = "83F7KY8L5Y.Gazza.XOArena";
}
    
    builtin-productPackagingUtility -entitlements -format xml -o /Users/sgazza/Library/Developer/Xcode/DerivedData/XOArena-fqdoukvydhgdohajtqjbttmkfnmy/Build/Intermediates.noindex/XOArena.build/Debug-iphonesimulator/XOArena.build/XOArena.app-Simulated.xcent

ProcessProductPackagingDER /Users/sgazza/Library/Developer/Xcode/DerivedData/XOArena-fqdoukvydhgdohajtqjbttmkfnmy/Build/Intermediates.noindex/XOArena.build/Debug-iphonesimulator/XOArena.build/XOArena.app-Simulated.xcent /Users/sgazza/Library/Developer/Xcode/DerivedData/XOArena-fqdoukvydhgdohajtqjbttmkfnmy/Build/Intermediates.noindex/XOArena.build/Debug-iphonesimulator/XOArena.build/XOArena.app-Simulated.xcent.der (in target 'XOArena' from project 'XOArena')
    cd /Volumes/External2TB/XcodeCache/Projects/XOArena
    /usr/bin/derq query -f xml -i /Users/sgazza/Library/Developer/Xcode/DerivedData/XOArena-fqdoukvydhgdohajtqjbttmkfnmy/Build/Intermediates.noindex/XOArena.build/Debug-iphonesimulator/XOArena.build/XOArena.app-Simulated.xcent -o /Users/sgazza/Library/Developer/Xcode/DerivedData/XOArena-fqdoukvydhgdohajtqjbttmkfnmy/Build/Intermediates.noindex/XOArena.build/Debug-iphonesimulator/XOArena.build/XOArena.app-Simulated.xcent.der --raw

Ld /Users/sgazza/Library/Developer/Xcode/DerivedData/XOArena-fqdoukvydhgdohajtqjbttmkfnmy/Build/Products/Debug-iphonesimulator/XOArena.app/__preview.dylib normal (in target 'XOArena' from project 'XOArena')
    cd /Volumes/External2TB/XcodeCache/Projects/XOArena
    /Applications/Xcode.app/Contents/Developer/Toolchains/XcodeDefault.xctoolchain/usr/bin/clang -Xlinker -reproducible -target arm64-apple-ios17.6-simulator -dynamiclib -isysroot /Applications/Xcode.app/Contents/Developer/Platforms/iPhoneSimulator.platform/Developer/SDKs/iPhoneSimulator18.5.sdk -O0 -L/Users/sgazza/Library/Developer/Xcode/DerivedData/XOArena-fqdoukvydhgdohajtqjbttmkfnmy/Build/Products/Debug-iphonesimulator -F/Users/sgazza/Library/Developer/Xcode/DerivedData/XOArena-fqdoukvydhgdohajtqjbttmkfnmy/Build/Products/Debug-iphonesimulator -install_name @rpath/XOArena.debug.dylib -dead_strip -rdynamic -Xlinker -no_deduplicate -Xlinker -objc_abi_version -Xlinker 2 -Xlinker -dependency_info -Xlinker /Users/sgazza/Library/Developer/Xcode/DerivedData/XOArena-fqdoukvydhgdohajtqjbttmkfnmy/Build/Intermediates.noindex/XOArena.build/Debug-iphonesimulator/XOArena.build/Objects-normal/arm64/XOArena_dependency_info.dat -Xlinker -sectcreate -Xlinker __TEXT -Xlinker __entitlements -Xlinker /Users/sgazza/Library/Developer/Xcode/DerivedData/XOArena-fqdoukvydhgdohajtqjbttmkfnmy/Build/Intermediates.noindex/XOArena.build/Debug-iphonesimulator/XOArena.build/XOArena.app-Simulated.xcent -Xlinker -sectcreate -Xlinker __TEXT -Xlinker __ents_der -Xlinker /Users/sgazza/Library/Developer/Xcode/DerivedData/XOArena-fqdoukvydhgdohajtqjbttmkfnmy/Build/Intermediates.noindex/XOArena.build/Debug-iphonesimulator/XOArena.build/XOArena.app-Simulated.xcent.der -Xlinker -no_adhoc_codesign -o /Users/sgazza/Library/Developer/Xcode/DerivedData/XOArena-fqdoukvydhgdohajtqjbttmkfnmy/Build/Products/Debug-iphonesimulator/XOArena.app/__preview.dylib

MkDir /Users/sgazza/Library/Developer/Xcode/DerivedData/XOArena-fqdoukvydhgdohajtqjbttmkfnmy/Build/Intermediates.noindex/XOArena.build/Debug-iphonesimulator/XOArena.build/assetcatalog_output/unthinned (in target 'XOArena' from project 'XOArena')
    cd /Volumes/External2TB/XcodeCache/Projects/XOArena
    /bin/mkdir -p /Users/sgazza/Library/Developer/Xcode/DerivedData/XOArena-fqdoukvydhgdohajtqjbttmkfnmy/Build/Intermediates.noindex/XOArena.build/Debug-iphonesimulator/XOArena.build/assetcatalog_output/unthinned

MkDir /Users/sgazza/Library/Developer/Xcode/DerivedData/XOArena-fqdoukvydhgdohajtqjbttmkfnmy/Build/Intermediates.noindex/XOArena.build/Debug-iphonesimulator/XOArena.build/assetcatalog_output/thinned (in target 'XOArena' from project 'XOArena')
    cd /Volumes/External2TB/XcodeCache/Projects/XOArena
    /bin/mkdir -p /Users/sgazza/Library/Developer/Xcode/DerivedData/XOArena-fqdoukvydhgdohajtqjbttmkfnmy/Build/Intermediates.noindex/XOArena.build/Debug-iphonesimulator/XOArena.build/assetcatalog_output/thinned

GenerateAssetSymbols /Volumes/External2TB/XcodeCache/Projects/XOArena/XOArena/Assets.xcassets (in target 'XOArena' from project 'XOArena')
    cd /Volumes/External2TB/XcodeCache/Projects/XOArena
    /Applications/Xcode.app/Contents/Developer/usr/bin/actool /Volumes/External2TB/XcodeCache/Projects/XOArena/XOArena/Assets.xcassets --compile /Users/sgazza/Library/Developer/Xcode/DerivedData/XOArena-fqdoukvydhgdohajtqjbttmkfnmy/Build/Products/Debug-iphonesimulator/XOArena.app --output-format human-readable-text --notices --warnings --export-dependency-info /Users/sgazza/Library/Developer/Xcode/DerivedData/XOArena-fqdoukvydhgdohajtqjbttmkfnmy/Build/Intermediates.noindex/XOArena.build/Debug-iphonesimulator/XOArena.build/assetcatalog_dependencies --output-partial-info-plist /Users/sgazza/Library/Developer/Xcode/DerivedData/XOArena-fqdoukvydhgdohajtqjbttmkfnmy/Build/Intermediates.noindex/XOArena.build/Debug-iphonesimulator/XOArena.build/assetcatalog_generated_info.plist --app-icon AppIcon --accent-color AccentColor --compress-pngs --enable-on-demand-resources YES --development-region en --target-device iphone --target-device ipad --minimum-deployment-target 17.6 --platform iphonesimulator --bundle-identifier Gazza.XOArena --generate-swift-asset-symbols /Users/sgazza/Library/Developer/Xcode/DerivedData/XOArena-fqdoukvydhgdohajtqjbttmkfnmy/Build/Intermediates.noindex/XOArena.build/Debug-iphonesimulator/XOArena.build/DerivedSources/GeneratedAssetSymbols.swift --generate-objc-asset-symbols /Users/sgazza/Library/Developer/Xcode/DerivedData/XOArena-fqdoukvydhgdohajtqjbttmkfnmy/Build/Intermediates.noindex/XOArena.build/Debug-iphonesimulator/XOArena.build/DerivedSources/GeneratedAssetSymbols.h --generate-asset-symbol-index /Users/sgazza/Library/Developer/Xcode/DerivedData/XOArena-fqdoukvydhgdohajtqjbttmkfnmy/Build/Intermediates.noindex/XOArena.build/Debug-iphonesimulator/XOArena.build/DerivedSources/GeneratedAssetSymbols-Index.plist
/* com.apple.actool.compilation-results */
/Users/sgazza/Library/Developer/Xcode/DerivedData/XOArena-fqdoukvydhgdohajtqjbttmkfnmy/Build/Intermediates.noindex/XOArena.build/Debug-iphonesimulator/XOArena.build/DerivedSources/GeneratedAssetSymbols-Index.plist
/Users/sgazza/Library/Developer/Xcode/DerivedData/XOArena-fqdoukvydhgdohajtqjbttmkfnmy/Build/Intermediates.noindex/XOArena.build/Debug-iphonesimulator/XOArena.build/DerivedSources/GeneratedAssetSymbols.h
/Users/sgazza/Library/Developer/Xcode/DerivedData/XOArena-fqdoukvydhgdohajtqjbttmkfnmy/Build/Intermediates.noindex/XOArena.build/Debug-iphonesimulator/XOArena.build/DerivedSources/GeneratedAssetSymbols.swift


CompileAssetCatalogVariant thinned /Users/sgazza/Library/Developer/Xcode/DerivedData/XOArena-fqdoukvydhgdohajtqjbttmkfnmy/Build/Products/Debug-iphonesimulator/XOArena.app /Volumes/External2TB/XcodeCache/Projects/XOArena/XOArena/Assets.xcassets (in target 'XOArena' from project 'XOArena')
    cd /Volumes/External2TB/XcodeCache/Projects/XOArena
    /Applications/Xcode.app/Contents/Developer/usr/bin/actool /Volumes/External2TB/XcodeCache/Projects/XOArena/XOArena/Assets.xcassets --compile /Users/sgazza/Library/Developer/Xcode/DerivedData/XOArena-fqdoukvydhgdohajtqjbttmkfnmy/Build/Intermediates.noindex/XOArena.build/Debug-iphonesimulator/XOArena.build/assetcatalog_output/thinned --output-format human-readable-text --notices --warnings --export-dependency-info /Users/sgazza/Library/Developer/Xcode/DerivedData/XOArena-fqdoukvydhgdohajtqjbttmkfnmy/Build/Intermediates.noindex/XOArena.build/Debug-iphonesimulator/XOArena.build/assetcatalog_dependencies_thinned --output-partial-info-plist /Users/sgazza/Library/Developer/Xcode/DerivedData/XOArena-fqdoukvydhgdohajtqjbttmkfnmy/Build/Intermediates.noindex/XOArena.build/Debug-iphonesimulator/XOArena.build/assetcatalog_generated_info.plist_thinned --app-icon AppIcon --accent-color AccentColor --compress-pngs --enable-on-demand-resources YES --filter-for-thinning-device-configuration iPhone17,1 --filter-for-device-os-version 18.5 --development-region en --target-device iphone --target-device ipad --minimum-deployment-target 17.6 --platform iphonesimulator
/* com.apple.actool.compilation-results */
/Users/sgazza/Library/Developer/Xcode/DerivedData/XOArena-fqdoukvydhgdohajtqjbttmkfnmy/Build/Intermediates.noindex/XOArena.build/Debug-iphonesimulator/XOArena.build/assetcatalog_generated_info.plist_thinned


LinkAssetCatalog /Volumes/External2TB/XcodeCache/Projects/XOArena/XOArena/Assets.xcassets (in target 'XOArena' from project 'XOArena')
    cd /Volumes/External2TB/XcodeCache/Projects/XOArena
    builtin-linkAssetCatalog --thinned /Users/sgazza/Library/Developer/Xcode/DerivedData/XOArena-fqdoukvydhgdohajtqjbttmkfnmy/Build/Intermediates.noindex/XOArena.build/Debug-iphonesimulator/XOArena.build/assetcatalog_output/thinned --thinned-dependencies /Users/sgazza/Library/Developer/Xcode/DerivedData/XOArena-fqdoukvydhgdohajtqjbttmkfnmy/Build/Intermediates.noindex/XOArena.build/Debug-iphonesimulator/XOArena.build/assetcatalog_dependencies_thinned --thinned-info-plist-content /Users/sgazza/Library/Developer/Xcode/DerivedData/XOArena-fqdoukvydhgdohajtqjbttmkfnmy/Build/Intermediates.noindex/XOArena.build/Debug-iphonesimulator/XOArena.build/assetcatalog_generated_info.plist_thinned --unthinned /Users/sgazza/Library/Developer/Xcode/DerivedData/XOArena-fqdoukvydhgdohajtqjbttmkfnmy/Build/Intermediates.noindex/XOArena.build/Debug-iphonesimulator/XOArena.build/assetcatalog_output/unthinned --unthinned-dependencies /Users/sgazza/Library/Developer/Xcode/DerivedData/XOArena-fqdoukvydhgdohajtqjbttmkfnmy/Build/Intermediates.noindex/XOArena.build/Debug-iphonesimulator/XOArena.build/assetcatalog_dependencies_unthinned --unthinned-info-plist-content /Users/sgazza/Library/Developer/Xcode/DerivedData/XOArena-fqdoukvydhgdohajtqjbttmkfnmy/Build/Intermediates.noindex/XOArena.build/Debug-iphonesimulator/XOArena.build/assetcatalog_generated_info.plist_unthinned --output /Users/sgazza/Library/Developer/Xcode/DerivedData/XOArena-fqdoukvydhgdohajtqjbttmkfnmy/Build/Products/Debug-iphonesimulator/XOArena.app --plist-output /Users/sgazza/Library/Developer/Xcode/DerivedData/XOArena-fqdoukvydhgdohajtqjbttmkfnmy/Build/Intermediates.noindex/XOArena.build/Debug-iphonesimulator/XOArena.build/assetcatalog_generated_info.plist

ProcessInfoPlistFile /Users/sgazza/Library/Developer/Xcode/DerivedData/XOArena-fqdoukvydhgdohajtqjbttmkfnmy/Build/Products/Debug-iphonesimulator/XOArena.app/Info.plist /Users/sgazza/Library/Developer/Xcode/DerivedData/XOArena-fqdoukvydhgdohajtqjbttmkfnmy/Build/Intermediates.noindex/XOArena.build/Debug-iphonesimulator/XOArena.build/empty-XOArena.plist (in target 'XOArena' from project 'XOArena')
    cd /Volumes/External2TB/XcodeCache/Projects/XOArena
    builtin-infoPlistUtility /Users/sgazza/Library/Developer/Xcode/DerivedData/XOArena-fqdoukvydhgdohajtqjbttmkfnmy/Build/Intermediates.noindex/XOArena.build/Debug-iphonesimulator/XOArena.build/empty-XOArena.plist -producttype com.apple.product-type.application -genpkginfo /Users/sgazza/Library/Developer/Xcode/DerivedData/XOArena-fqdoukvydhgdohajtqjbttmkfnmy/Build/Products/Debug-iphonesimulator/XOArena.app/PkgInfo -expandbuildsettings -format binary -platform iphonesimulator -additionalcontentfile /Users/sgazza/Library/Developer/Xcode/DerivedData/XOArena-fqdoukvydhgdohajtqjbttmkfnmy/Build/Intermediates.noindex/XOArena.build/Debug-iphonesimulator/XOArena.build/assetcatalog_generated_info.plist -o /Users/sgazza/Library/Developer/Xcode/DerivedData/XOArena-fqdoukvydhgdohajtqjbttmkfnmy/Build/Products/Debug-iphonesimulator/XOArena.app/Info.plist

SwiftDriver XOArena normal arm64 com.apple.xcode.tools.swift.compiler (in target 'XOArena' from project 'XOArena')
    cd /Volumes/External2TB/XcodeCache/Projects/XOArena
    builtin-SwiftDriver -- /Applications/Xcode.app/Contents/Developer/Toolchains/XcodeDefault.xctoolchain/usr/bin/swiftc -module-name XOArena -Onone -enforce-exclusivity\=checked @/Users/sgazza/Library/Developer/Xcode/DerivedData/XOArena-fqdoukvydhgdohajtqjbttmkfnmy/Build/Intermediates.noindex/XOArena.build/Debug-iphonesimulator/XOArena.build/Objects-normal/arm64/XOArena.SwiftFileList -DDEBUG -enable-bare-slash-regex -enable-experimental-feature DebugDescriptionMacro -sdk /Applications/Xcode.app/Contents/Developer/Platforms/iPhoneSimulator.platform/Developer/SDKs/iPhoneSimulator18.5.sdk -target arm64-apple-ios17.6-simulator -g -module-cache-path /Users/sgazza/Library/Developer/Xcode/DerivedData/ModuleCache.noindex -Xfrontend -serialize-debugging-options -enable-testing -index-store-path /Users/sgazza/Library/Developer/Xcode/DerivedData/XOArena-fqdoukvydhgdohajtqjbttmkfnmy/Index.noindex/DataStore -swift-version 5 -I /Users/sgazza/Library/Developer/Xcode/DerivedData/XOArena-fqdoukvydhgdohajtqjbttmkfnmy/Build/Products/Debug-iphonesimulator -F /Users/sgazza/Library/Developer/Xcode/DerivedData/XOArena-fqdoukvydhgdohajtqjbttmkfnmy/Build/Products/Debug-iphonesimulator -emit-localized-strings -emit-localized-strings-path /Users/sgazza/Library/Developer/Xcode/DerivedData/XOArena-fqdoukvydhgdohajtqjbttmkfnmy/Build/Intermediates.noindex/XOArena.build/Debug-iphonesimulator/XOArena.build/Objects-normal/arm64 -c -j10 -enable-batch-mode -incremental -Xcc -ivfsstatcache -Xcc /Users/sgazza/Library/Developer/Xcode/DerivedData/SDKStatCaches.noindex/iphonesimulator18.5-22F76-d5fc8ad4295d2ef488fb7d0f804ce0c4.sdkstatcache -output-file-map /Users/sgazza/Library/Developer/Xcode/DerivedData/XOArena-fqdoukvydhgdohajtqjbttmkfnmy/Build/Intermediates.noindex/XOArena.build/Debug-iphonesimulator/XOArena.build/Objects-normal/arm64/XOArena-OutputFileMap.json -use-frontend-parseable-output -save-temps -no-color-diagnostics -serialize-diagnostics -emit-dependencies -emit-module -emit-module-path /Users/sgazza/Library/Developer/Xcode/DerivedData/XOArena-fqdoukvydhgdohajtqjbttmkfnmy/Build/Intermediates.noindex/XOArena.build/Debug-iphonesimulator/XOArena.build/Objects-normal/arm64/XOArena.swiftmodule -validate-clang-modules-once -clang-build-session-file /Users/sgazza/Library/Developer/Xcode/DerivedData/ModuleCache.noindex/Session.modulevalidation -Xcc -I/Users/sgazza/Library/Developer/Xcode/DerivedData/XOArena-fqdoukvydhgdohajtqjbttmkfnmy/Build/Intermediates.noindex/XOArena.build/Debug-iphonesimulator/XOArena.build/swift-overrides.hmap -emit-const-values -Xfrontend -const-gather-protocols-file -Xfrontend /Users/sgazza/Library/Developer/Xcode/DerivedData/XOArena-fqdoukvydhgdohajtqjbttmkfnmy/Build/Intermediates.noindex/XOArena.build/Debug-iphonesimulator/XOArena.build/Objects-normal/arm64/XOArena_const_extract_protocols.json -Xcc -iquote -Xcc /Users/sgazza/Library/Developer/Xcode/DerivedData/XOArena-fqdoukvydhgdohajtqjbttmkfnmy/Build/Intermediates.noindex/XOArena.build/Debug-iphonesimulator/XOArena.build/XOArena-generated-files.hmap -Xcc -I/Users/sgazza/Library/Developer/Xcode/DerivedData/XOArena-fqdoukvydhgdohajtqjbttmkfnmy/Build/Intermediates.noindex/XOArena.build/Debug-iphonesimulator/XOArena.build/XOArena-own-target-headers.hmap -Xcc -I/Users/sgazza/Library/Developer/Xcode/DerivedData/XOArena-fqdoukvydhgdohajtqjbttmkfnmy/Build/Intermediates.noindex/XOArena.build/Debug-iphonesimulator/XOArena.build/XOArena-all-target-headers.hmap -Xcc -iquote -Xcc /Users/sgazza/Library/Developer/Xcode/DerivedData/XOArena-fqdoukvydhgdohajtqjbttmkfnmy/Build/Intermediates.noindex/XOArena.build/Debug-iphonesimulator/XOArena.build/XOArena-project-headers.hmap -Xcc -I/Users/sgazza/Library/Developer/Xcode/DerivedData/XOArena-fqdoukvydhgdohajtqjbttmkfnmy/Build/Products/Debug-iphonesimulator/include -Xcc -I/Users/sgazza/Library/Developer/Xcode/DerivedData/XOArena-fqdoukvydhgdohajtqjbttmkfnmy/Build/Intermediates.noindex/XOArena.build/Debug-iphonesimulator/XOArena.build/DerivedSources-normal/arm64 -Xcc -I/Users/sgazza/Library/Developer/Xcode/DerivedData/XOArena-fqdoukvydhgdohajtqjbttmkfnmy/Build/Intermediates.noindex/XOArena.build/Debug-iphonesimulator/XOArena.build/DerivedSources/arm64 -Xcc -I/Users/sgazza/Library/Developer/Xcode/DerivedData/XOArena-fqdoukvydhgdohajtqjbttmkfnmy/Build/Intermediates.noindex/XOArena.build/Debug-iphonesimulator/XOArena.build/DerivedSources -Xcc -DDEBUG\=1 -emit-objc-header -emit-objc-header-path /Users/sgazza/Library/Developer/Xcode/DerivedData/XOArena-fqdoukvydhgdohajtqjbttmkfnmy/Build/Intermediates.noindex/XOArena.build/Debug-iphonesimulator/XOArena.build/Objects-normal/arm64/XOArena-Swift.h -working-directory /Volumes/External2TB/XcodeCache/Projects/XOArena -experimental-emit-module-separately -disable-cmo

SwiftCompile normal arm64 Compiling\ IntroScreen.swift,\ PauseMenuView.swift /Volumes/External2TB/XcodeCache/Projects/XOArena/XOArena/Views/IntroScreen.swift /Volumes/External2TB/XcodeCache/Projects/XOArena/XOArena/Views/PauseMenuView.swift (in target 'XOArena' from project 'XOArena')

SwiftCompile normal arm64 /Volumes/External2TB/XcodeCache/Projects/XOArena/XOArena/Views/IntroScreen.swift (in target 'XOArena' from project 'XOArena')
    cd /Volumes/External2TB/XcodeCache/Projects/XOArena
    
/Volumes/External2TB/XcodeCache/Projects/XOArena/XOArena/Views/IntroScreen.swift:89:9: warning: switch must be exhaustive
        switch dynamicTypeSize {
        ^
/Volumes/External2TB/XcodeCache/Projects/XOArena/XOArena/Views/IntroScreen.swift:89:9: note: add missing case: '.accessibility1'
        switch dynamicTypeSize {
        ^
/Volumes/External2TB/XcodeCache/Projects/XOArena/XOArena/Views/IntroScreen.swift:89:9: note: add missing case: '.accessibility2'
        switch dynamicTypeSize {
        ^
/Volumes/External2TB/XcodeCache/Projects/XOArena/XOArena/Views/IntroScreen.swift:89:9: note: add missing case: '.accessibility3'
        switch dynamicTypeSize {
        ^
/Volumes/External2TB/XcodeCache/Projects/XOArena/XOArena/Views/IntroScreen.swift:89:9: note: add missing case: '.accessibility4'
        switch dynamicTypeSize {
        ^
/Volumes/External2TB/XcodeCache/Projects/XOArena/XOArena/Views/IntroScreen.swift:89:9: note: add missing case: '.accessibility5'
        switch dynamicTypeSize {
        ^
/Volumes/External2TB/XcodeCache/Projects/XOArena/XOArena/Views/IntroScreen.swift:89:9: note: add missing cases
        switch dynamicTypeSize {
        ^
/Volumes/External2TB/XcodeCache/Projects/XOArena/XOArena/Views/IntroScreen.swift:110:9: warning: switch must be exhaustive
        switch dynamicTypeSize {
        ^
/Volumes/External2TB/XcodeCache/Projects/XOArena/XOArena/Views/IntroScreen.swift:110:9: note: add missing case: '.accessibility1'
        switch dynamicTypeSize {
        ^
/Volumes/External2TB/XcodeCache/Projects/XOArena/XOArena/Views/IntroScreen.swift:110:9: note: add missing case: '.accessibility2'
        switch dynamicTypeSize {
        ^
/Volumes/External2TB/XcodeCache/Projects/XOArena/XOArena/Views/IntroScreen.swift:110:9: note: add missing case: '.accessibility3'
        switch dynamicTypeSize {
        ^
/Volumes/External2TB/XcodeCache/Projects/XOArena/XOArena/Views/IntroScreen.swift:110:9: note: add missing case: '.accessibility4'
        switch dynamicTypeSize {
        ^
/Volumes/External2TB/XcodeCache/Projects/XOArena/XOArena/Views/IntroScreen.swift:110:9: note: add missing case: '.accessibility5'
        switch dynamicTypeSize {
        ^
/Volumes/External2TB/XcodeCache/Projects/XOArena/XOArena/Views/IntroScreen.swift:110:9: note: add missing cases
        switch dynamicTypeSize {
        ^

SwiftCompile normal arm64 /Volumes/External2TB/XcodeCache/Projects/XOArena/XOArena/Views/PauseMenuView.swift (in target 'XOArena' from project 'XOArena')
    cd /Volumes/External2TB/XcodeCache/Projects/XOArena
    
/Volumes/External2TB/XcodeCache/Projects/XOArena/XOArena/Views/PauseMenuView.swift:83:9: warning: switch must be exhaustive
        switch dynamicTypeSize {
        ^
/Volumes/External2TB/XcodeCache/Projects/XOArena/XOArena/Views/PauseMenuView.swift:83:9: note: add missing case: '.accessibility1'
        switch dynamicTypeSize {
        ^
/Volumes/External2TB/XcodeCache/Projects/XOArena/XOArena/Views/PauseMenuView.swift:83:9: note: add missing case: '.accessibility2'
        switch dynamicTypeSize {
        ^
/Volumes/External2TB/XcodeCache/Projects/XOArena/XOArena/Views/PauseMenuView.swift:83:9: note: add missing case: '.accessibility3'
        switch dynamicTypeSize {
        ^
/Volumes/External2TB/XcodeCache/Projects/XOArena/XOArena/Views/PauseMenuView.swift:83:9: note: add missing case: '.accessibility4'
        switch dynamicTypeSize {
        ^
/Volumes/External2TB/XcodeCache/Projects/XOArena/XOArena/Views/PauseMenuView.swift:83:9: note: add missing case: '.accessibility5'
        switch dynamicTypeSize {
        ^
/Volumes/External2TB/XcodeCache/Projects/XOArena/XOArena/Views/PauseMenuView.swift:83:9: note: add missing cases
        switch dynamicTypeSize {
        ^
/Volumes/External2TB/XcodeCache/Projects/XOArena/XOArena/Views/PauseMenuView.swift:172:9: warning: switch must be exhaustive
        switch dynamicTypeSize {
        ^
/Volumes/External2TB/XcodeCache/Projects/XOArena/XOArena/Views/PauseMenuView.swift:172:9: note: add missing case: '.accessibility1'
        switch dynamicTypeSize {
        ^
/Volumes/External2TB/XcodeCache/Projects/XOArena/XOArena/Views/PauseMenuView.swift:172:9: note: add missing case: '.accessibility2'
        switch dynamicTypeSize {
        ^
/Volumes/External2TB/XcodeCache/Projects/XOArena/XOArena/Views/PauseMenuView.swift:172:9: note: add missing case: '.accessibility3'
        switch dynamicTypeSize {
        ^
/Volumes/External2TB/XcodeCache/Projects/XOArena/XOArena/Views/PauseMenuView.swift:172:9: note: add missing case: '.accessibility4'
        switch dynamicTypeSize {
        ^
/Volumes/External2TB/XcodeCache/Projects/XOArena/XOArena/Views/PauseMenuView.swift:172:9: note: add missing case: '.accessibility5'
        switch dynamicTypeSize {
        ^
/Volumes/External2TB/XcodeCache/Projects/XOArena/XOArena/Views/PauseMenuView.swift:172:9: note: add missing cases
        switch dynamicTypeSize {
        ^
/Volumes/External2TB/XcodeCache/Projects/XOArena/XOArena/Views/PauseMenuView.swift:191:9: warning: switch must be exhaustive
        switch dynamicTypeSize {
        ^
/Volumes/External2TB/XcodeCache/Projects/XOArena/XOArena/Views/PauseMenuView.swift:191:9: note: add missing case: '.accessibility1'
        switch dynamicTypeSize {
        ^
/Volumes/External2TB/XcodeCache/Projects/XOArena/XOArena/Views/PauseMenuView.swift:191:9: note: add missing case: '.accessibility2'
        switch dynamicTypeSize {
        ^
/Volumes/External2TB/XcodeCache/Projects/XOArena/XOArena/Views/PauseMenuView.swift:191:9: note: add missing case: '.accessibility3'
        switch dynamicTypeSize {
        ^
/Volumes/External2TB/XcodeCache/Projects/XOArena/XOArena/Views/PauseMenuView.swift:191:9: note: add missing case: '.accessibility4'
        switch dynamicTypeSize {
        ^
/Volumes/External2TB/XcodeCache/Projects/XOArena/XOArena/Views/PauseMenuView.swift:191:9: note: add missing case: '.accessibility5'
        switch dynamicTypeSize {
        ^
/Volumes/External2TB/XcodeCache/Projects/XOArena/XOArena/Views/PauseMenuView.swift:191:9: note: add missing cases
        switch dynamicTypeSize {
        ^
/Volumes/External2TB/XcodeCache/Projects/XOArena/XOArena/Views/PauseMenuView.swift:210:9: warning: switch must be exhaustive
        switch dynamicTypeSize {
        ^
/Volumes/External2TB/XcodeCache/Projects/XOArena/XOArena/Views/PauseMenuView.swift:210:9: note: add missing case: '.accessibility1'
        switch dynamicTypeSize {
        ^
/Volumes/External2TB/XcodeCache/Projects/XOArena/XOArena/Views/PauseMenuView.swift:210:9: note: add missing case: '.accessibility2'
        switch dynamicTypeSize {
        ^
/Volumes/External2TB/XcodeCache/Projects/XOArena/XOArena/Views/PauseMenuView.swift:210:9: note: add missing case: '.accessibility3'
        switch dynamicTypeSize {
        ^
/Volumes/External2TB/XcodeCache/Projects/XOArena/XOArena/Views/PauseMenuView.swift:210:9: note: add missing case: '.accessibility4'
        switch dynamicTypeSize {
        ^
/Volumes/External2TB/XcodeCache/Projects/XOArena/XOArena/Views/PauseMenuView.swift:210:9: note: add missing case: '.accessibility5'
        switch dynamicTypeSize {
        ^
/Volumes/External2TB/XcodeCache/Projects/XOArena/XOArena/Views/PauseMenuView.swift:210:9: note: add missing cases
        switch dynamicTypeSize {
        ^
/Volumes/External2TB/XcodeCache/Projects/XOArena/XOArena/Views/PauseMenuView.swift:229:9: warning: switch must be exhaustive
        switch dynamicTypeSize {
        ^
/Volumes/External2TB/XcodeCache/Projects/XOArena/XOArena/Views/PauseMenuView.swift:229:9: note: add missing case: '.accessibility1'
        switch dynamicTypeSize {
        ^
/Volumes/External2TB/XcodeCache/Projects/XOArena/XOArena/Views/PauseMenuView.swift:229:9: note: add missing case: '.accessibility2'
        switch dynamicTypeSize {
        ^
/Volumes/External2TB/XcodeCache/Projects/XOArena/XOArena/Views/PauseMenuView.swift:229:9: note: add missing case: '.accessibility3'
        switch dynamicTypeSize {
        ^
/Volumes/External2TB/XcodeCache/Projects/XOArena/XOArena/Views/PauseMenuView.swift:229:9: note: add missing case: '.accessibility4'
        switch dynamicTypeSize {
        ^
/Volumes/External2TB/XcodeCache/Projects/XOArena/XOArena/Views/PauseMenuView.swift:229:9: note: add missing case: '.accessibility5'
        switch dynamicTypeSize {
        ^
/Volumes/External2TB/XcodeCache/Projects/XOArena/XOArena/Views/PauseMenuView.swift:229:9: note: add missing cases
        switch dynamicTypeSize {
        ^

SwiftCompile normal arm64 Compiling\ GameLogic.swift /Volumes/External2TB/XcodeCache/Projects/XOArena/XOArena/Models/GameLogic.swift (in target 'XOArena' from project 'XOArena')

SwiftCompile normal arm64 /Volumes/External2TB/XcodeCache/Projects/XOArena/XOArena/Models/GameLogic.swift (in target 'XOArena' from project 'XOArena')
    cd /Volumes/External2TB/XcodeCache/Projects/XOArena
    

SwiftCompile normal arm64 Compiling\ HapticManager.swift /Volumes/External2TB/XcodeCache/Projects/XOArena/XOArena/Utilities/HapticManager.swift (in target 'XOArena' from project 'XOArena')

SwiftCompile normal arm64 /Volumes/External2TB/XcodeCache/Projects/XOArena/XOArena/Utilities/HapticManager.swift (in target 'XOArena' from project 'XOArena')
    cd /Volumes/External2TB/XcodeCache/Projects/XOArena
    

SwiftCompile normal arm64 Compiling\ XOArenaApp.swift,\ ContentView.swift /Volumes/External2TB/XcodeCache/Projects/XOArena/XOArena/XOArenaApp.swift /Volumes/External2TB/XcodeCache/Projects/XOArena/XOArena/ContentView.swift (in target 'XOArena' from project 'XOArena')
SwiftCompile normal arm64 /Volumes/External2TB/XcodeCache/Projects/XOArena/XOArena/XOArenaApp.swift (in target 'XOArena' from project 'XOArena')
    cd /Volumes/External2TB/XcodeCache/Projects/XOArena
    

SwiftCompile normal arm64 /Volumes/External2TB/XcodeCache/Projects/XOArena/XOArena/ContentView.swift (in target 'XOArena' from project 'XOArena')
    cd /Volumes/External2TB/XcodeCache/Projects/XOArena
    

SwiftCompile normal arm64 Compiling\ GameViewModel.swift /Volumes/External2TB/XcodeCache/Projects/XOArena/XOArena/ViewModels/GameViewModel.swift (in target 'XOArena' from project 'XOArena')

SwiftCompile normal arm64 /Volumes/External2TB/XcodeCache/Projects/XOArena/XOArena/ViewModels/GameViewModel.swift (in target 'XOArena' from project 'XOArena')
    cd /Volumes/External2TB/XcodeCache/Projects/XOArena
    

SwiftEmitModule normal arm64 Emitting\ module\ for\ XOArena (in target 'XOArena' from project 'XOArena')

EmitSwiftModule normal arm64 (in target 'XOArena' from project 'XOArena')
    cd /Volumes/External2TB/XcodeCache/Projects/XOArena
    

SwiftCompile normal arm64 Compiling\ GameModels.swift /Volumes/External2TB/XcodeCache/Projects/XOArena/XOArena/Models/GameModels.swift (in target 'XOArena' from project 'XOArena')

SwiftCompile normal arm64 /Volumes/External2TB/XcodeCache/Projects/XOArena/XOArena/Models/GameModels.swift (in target 'XOArena' from project 'XOArena')
    cd /Volumes/External2TB/XcodeCache/Projects/XOArena
    

SwiftCompile normal arm64 Compiling\ VictoryScreen.swift /Volumes/External2TB/XcodeCache/Projects/XOArena/XOArena/Views/VictoryScreen.swift (in target 'XOArena' from project 'XOArena')

SwiftCompile normal arm64 /Volumes/External2TB/XcodeCache/Projects/XOArena/XOArena/Views/VictoryScreen.swift (in target 'XOArena' from project 'XOArena')
    cd /Volumes/External2TB/XcodeCache/Projects/XOArena
    
/Volumes/External2TB/XcodeCache/Projects/XOArena/XOArena/Views/VictoryScreen.swift:86:9: warning: switch must be exhaustive
        switch dynamicTypeSize {
        ^
/Volumes/External2TB/XcodeCache/Projects/XOArena/XOArena/Views/VictoryScreen.swift:86:9: note: add missing case: '.accessibility1'
        switch dynamicTypeSize {
        ^
/Volumes/External2TB/XcodeCache/Projects/XOArena/XOArena/Views/VictoryScreen.swift:86:9: note: add missing case: '.accessibility2'
        switch dynamicTypeSize {
        ^
/Volumes/External2TB/XcodeCache/Projects/XOArena/XOArena/Views/VictoryScreen.swift:86:9: note: add missing case: '.accessibility3'
        switch dynamicTypeSize {
        ^
/Volumes/External2TB/XcodeCache/Projects/XOArena/XOArena/Views/VictoryScreen.swift:86:9: note: add missing case: '.accessibility4'
        switch dynamicTypeSize {
        ^
/Volumes/External2TB/XcodeCache/Projects/XOArena/XOArena/Views/VictoryScreen.swift:86:9: note: add missing case: '.accessibility5'
        switch dynamicTypeSize {
        ^
/Volumes/External2TB/XcodeCache/Projects/XOArena/XOArena/Views/VictoryScreen.swift:86:9: note: add missing cases
        switch dynamicTypeSize {
        ^
/Volumes/External2TB/XcodeCache/Projects/XOArena/XOArena/Views/VictoryScreen.swift:107:9: warning: switch must be exhaustive
        switch dynamicTypeSize {
        ^
/Volumes/External2TB/XcodeCache/Projects/XOArena/XOArena/Views/VictoryScreen.swift:107:9: note: add missing case: '.accessibility1'
        switch dynamicTypeSize {
        ^
/Volumes/External2TB/XcodeCache/Projects/XOArena/XOArena/Views/VictoryScreen.swift:107:9: note: add missing case: '.accessibility2'
        switch dynamicTypeSize {
        ^
/Volumes/External2TB/XcodeCache/Projects/XOArena/XOArena/Views/VictoryScreen.swift:107:9: note: add missing case: '.accessibility3'
        switch dynamicTypeSize {
        ^
/Volumes/External2TB/XcodeCache/Projects/XOArena/XOArena/Views/VictoryScreen.swift:107:9: note: add missing case: '.accessibility4'
        switch dynamicTypeSize {
        ^
/Volumes/External2TB/XcodeCache/Projects/XOArena/XOArena/Views/VictoryScreen.swift:107:9: note: add missing case: '.accessibility5'
        switch dynamicTypeSize {
        ^
/Volumes/External2TB/XcodeCache/Projects/XOArena/XOArena/Views/VictoryScreen.swift:107:9: note: add missing cases
        switch dynamicTypeSize {
        ^
/Volumes/External2TB/XcodeCache/Projects/XOArena/XOArena/Views/VictoryScreen.swift:221:9: warning: switch must be exhaustive
        switch dynamicTypeSize {
        ^
/Volumes/External2TB/XcodeCache/Projects/XOArena/XOArena/Views/VictoryScreen.swift:221:9: note: add missing case: '.accessibility1'
        switch dynamicTypeSize {
        ^
/Volumes/External2TB/XcodeCache/Projects/XOArena/XOArena/Views/VictoryScreen.swift:221:9: note: add missing case: '.accessibility2'
        switch dynamicTypeSize {
        ^
/Volumes/External2TB/XcodeCache/Projects/XOArena/XOArena/Views/VictoryScreen.swift:221:9: note: add missing case: '.accessibility3'
        switch dynamicTypeSize {
        ^
/Volumes/External2TB/XcodeCache/Projects/XOArena/XOArena/Views/VictoryScreen.swift:221:9: note: add missing case: '.accessibility4'
        switch dynamicTypeSize {
        ^
/Volumes/External2TB/XcodeCache/Projects/XOArena/XOArena/Views/VictoryScreen.swift:221:9: note: add missing case: '.accessibility5'
        switch dynamicTypeSize {
        ^
/Volumes/External2TB/XcodeCache/Projects/XOArena/XOArena/Views/VictoryScreen.swift:221:9: note: add missing cases
        switch dynamicTypeSize {
        ^
/Volumes/External2TB/XcodeCache/Projects/XOArena/XOArena/Views/VictoryScreen.swift:240:9: warning: switch must be exhaustive
        switch dynamicTypeSize {
        ^
/Volumes/External2TB/XcodeCache/Projects/XOArena/XOArena/Views/VictoryScreen.swift:240:9: note: add missing case: '.accessibility1'
        switch dynamicTypeSize {
        ^
/Volumes/External2TB/XcodeCache/Projects/XOArena/XOArena/Views/VictoryScreen.swift:240:9: note: add missing case: '.accessibility2'
        switch dynamicTypeSize {
        ^
/Volumes/External2TB/XcodeCache/Projects/XOArena/XOArena/Views/VictoryScreen.swift:240:9: note: add missing case: '.accessibility3'
        switch dynamicTypeSize {
        ^
/Volumes/External2TB/XcodeCache/Projects/XOArena/XOArena/Views/VictoryScreen.swift:240:9: note: add missing case: '.accessibility4'
        switch dynamicTypeSize {
        ^
/Volumes/External2TB/XcodeCache/Projects/XOArena/XOArena/Views/VictoryScreen.swift:240:9: note: add missing case: '.accessibility5'
        switch dynamicTypeSize {
        ^
/Volumes/External2TB/XcodeCache/Projects/XOArena/XOArena/Views/VictoryScreen.swift:240:9: note: add missing cases
        switch dynamicTypeSize {
        ^
/Volumes/External2TB/XcodeCache/Projects/XOArena/XOArena/Views/VictoryScreen.swift:259:9: warning: switch must be exhaustive
        switch dynamicTypeSize {
        ^
/Volumes/External2TB/XcodeCache/Projects/XOArena/XOArena/Views/VictoryScreen.swift:259:9: note: add missing case: '.accessibility1'
        switch dynamicTypeSize {
        ^
/Volumes/External2TB/XcodeCache/Projects/XOArena/XOArena/Views/VictoryScreen.swift:259:9: note: add missing case: '.accessibility2'
        switch dynamicTypeSize {
        ^
/Volumes/External2TB/XcodeCache/Projects/XOArena/XOArena/Views/VictoryScreen.swift:259:9: note: add missing case: '.accessibility3'
        switch dynamicTypeSize {
        ^
/Volumes/External2TB/XcodeCache/Projects/XOArena/XOArena/Views/VictoryScreen.swift:259:9: note: add missing case: '.accessibility4'
        switch dynamicTypeSize {
        ^
/Volumes/External2TB/XcodeCache/Projects/XOArena/XOArena/Views/VictoryScreen.swift:259:9: note: add missing case: '.accessibility5'
        switch dynamicTypeSize {
        ^
/Volumes/External2TB/XcodeCache/Projects/XOArena/XOArena/Views/VictoryScreen.swift:259:9: note: add missing cases
        switch dynamicTypeSize {
        ^

SwiftCompile normal arm64 Compiling\ TicTacToeBoard.swift,\ ViewModifiers.swift /Volumes/External2TB/XcodeCache/Projects/XOArena/XOArena/Views/Components/TicTacToeBoard.swift /Volumes/External2TB/XcodeCache/Projects/XOArena/XOArena/Theme/ViewModifiers.swift (in target 'XOArena' from project 'XOArena')
SwiftCompile normal arm64 /Volumes/External2TB/XcodeCache/Projects/XOArena/XOArena/Views/Components/TicTacToeBoard.swift (in target 'XOArena' from project 'XOArena')
    cd /Volumes/External2TB/XcodeCache/Projects/XOArena
    
/Volumes/External2TB/XcodeCache/Projects/XOArena/XOArena/Views/Components/TicTacToeBoard.swift:128:9: warning: switch must be exhaustive
        switch dynamicTypeSize {
        ^
/Volumes/External2TB/XcodeCache/Projects/XOArena/XOArena/Views/Components/TicTacToeBoard.swift:128:9: note: add missing case: '.accessibility1'
        switch dynamicTypeSize {
        ^
/Volumes/External2TB/XcodeCache/Projects/XOArena/XOArena/Views/Components/TicTacToeBoard.swift:128:9: note: add missing case: '.accessibility2'
        switch dynamicTypeSize {
        ^
/Volumes/External2TB/XcodeCache/Projects/XOArena/XOArena/Views/Components/TicTacToeBoard.swift:128:9: note: add missing case: '.accessibility3'
        switch dynamicTypeSize {
        ^
/Volumes/External2TB/XcodeCache/Projects/XOArena/XOArena/Views/Components/TicTacToeBoard.swift:128:9: note: add missing case: '.accessibility4'
        switch dynamicTypeSize {
        ^
/Volumes/External2TB/XcodeCache/Projects/XOArena/XOArena/Views/Components/TicTacToeBoard.swift:128:9: note: add missing case: '.accessibility5'
        switch dynamicTypeSize {
        ^
/Volumes/External2TB/XcodeCache/Projects/XOArena/XOArena/Views/Components/TicTacToeBoard.swift:128:9: note: add missing cases
        switch dynamicTypeSize {
        ^
/Volumes/External2TB/XcodeCache/Projects/XOArena/XOArena/Views/Components/TicTacToeBoard.swift:251:20: warning: result of call to 'insert' is unused
            traits.insert(.isButton)
                   ^     ~~~~~~~~~~~
/Volumes/External2TB/XcodeCache/Projects/XOArena/XOArena/Views/Components/TicTacToeBoard.swift:255:20: warning: result of call to 'insert' is unused
            traits.insert(.isStaticText)
                   ^     ~~~~~~~~~~~~~~~
/Volumes/External2TB/XcodeCache/Projects/XOArena/XOArena/Views/Components/TicTacToeBoard.swift:260:20: warning: result of call to 'insert' is unused
            traits.insert(.isSelected)
                   ^     ~~~~~~~~~~~~~

SwiftCompile normal arm64 /Volumes/External2TB/XcodeCache/Projects/XOArena/XOArena/Theme/ViewModifiers.swift (in target 'XOArena' from project 'XOArena')
    cd /Volumes/External2TB/XcodeCache/Projects/XOArena
    

SwiftCompile normal arm64 Compiling\ ColorTheme.swift,\ GameScreen.swift /Volumes/External2TB/XcodeCache/Projects/XOArena/XOArena/Theme/ColorTheme.swift /Volumes/External2TB/XcodeCache/Projects/XOArena/XOArena/Views/GameScreen.swift (in target 'XOArena' from project 'XOArena')

SwiftCompile normal arm64 /Volumes/External2TB/XcodeCache/Projects/XOArena/XOArena/Theme/ColorTheme.swift (in target 'XOArena' from project 'XOArena')
    cd /Volumes/External2TB/XcodeCache/Projects/XOArena
    

SwiftCompile normal arm64 /Volumes/External2TB/XcodeCache/Projects/XOArena/XOArena/Views/GameScreen.swift (in target 'XOArena' from project 'XOArena')
    cd /Volumes/External2TB/XcodeCache/Projects/XOArena
    
/Volumes/External2TB/XcodeCache/Projects/XOArena/XOArena/Views/GameScreen.swift:265:9: warning: switch must be exhaustive
        switch dynamicTypeSize {
        ^
/Volumes/External2TB/XcodeCache/Projects/XOArena/XOArena/Views/GameScreen.swift:265:9: note: add missing case: '.accessibility1'
        switch dynamicTypeSize {
        ^
/Volumes/External2TB/XcodeCache/Projects/XOArena/XOArena/Views/GameScreen.swift:265:9: note: add missing case: '.accessibility2'
        switch dynamicTypeSize {
        ^
/Volumes/External2TB/XcodeCache/Projects/XOArena/XOArena/Views/GameScreen.swift:265:9: note: add missing case: '.accessibility3'
        switch dynamicTypeSize {
        ^
/Volumes/External2TB/XcodeCache/Projects/XOArena/XOArena/Views/GameScreen.swift:265:9: note: add missing case: '.accessibility4'
        switch dynamicTypeSize {
        ^
/Volumes/External2TB/XcodeCache/Projects/XOArena/XOArena/Views/GameScreen.swift:265:9: note: add missing case: '.accessibility5'
        switch dynamicTypeSize {
        ^
/Volumes/External2TB/XcodeCache/Projects/XOArena/XOArena/Views/GameScreen.swift:265:9: note: add missing cases
        switch dynamicTypeSize {
        ^
/Volumes/External2TB/XcodeCache/Projects/XOArena/XOArena/Views/GameScreen.swift:284:9: warning: switch must be exhaustive
        switch dynamicTypeSize {
        ^
/Volumes/External2TB/XcodeCache/Projects/XOArena/XOArena/Views/GameScreen.swift:284:9: note: add missing case: '.accessibility1'
        switch dynamicTypeSize {
        ^
/Volumes/External2TB/XcodeCache/Projects/XOArena/XOArena/Views/GameScreen.swift:284:9: note: add missing case: '.accessibility2'
        switch dynamicTypeSize {
        ^
/Volumes/External2TB/XcodeCache/Projects/XOArena/XOArena/Views/GameScreen.swift:284:9: note: add missing case: '.accessibility3'
        switch dynamicTypeSize {
        ^
/Volumes/External2TB/XcodeCache/Projects/XOArena/XOArena/Views/GameScreen.swift:284:9: note: add missing case: '.accessibility4'
        switch dynamicTypeSize {
        ^
/Volumes/External2TB/XcodeCache/Projects/XOArena/XOArena/Views/GameScreen.swift:284:9: note: add missing case: '.accessibility5'
        switch dynamicTypeSize {
        ^
/Volumes/External2TB/XcodeCache/Projects/XOArena/XOArena/Views/GameScreen.swift:284:9: note: add missing cases
        switch dynamicTypeSize {
        ^
/Volumes/External2TB/XcodeCache/Projects/XOArena/XOArena/Views/GameScreen.swift:329:9: warning: switch must be exhaustive
        switch dynamicTypeSize {
        ^
/Volumes/External2TB/XcodeCache/Projects/XOArena/XOArena/Views/GameScreen.swift:329:9: note: add missing case: '.accessibility1'
        switch dynamicTypeSize {
        ^
/Volumes/External2TB/XcodeCache/Projects/XOArena/XOArena/Views/GameScreen.swift:329:9: note: add missing case: '.accessibility2'
        switch dynamicTypeSize {
        ^
/Volumes/External2TB/XcodeCache/Projects/XOArena/XOArena/Views/GameScreen.swift:329:9: note: add missing case: '.accessibility3'
        switch dynamicTypeSize {
        ^
/Volumes/External2TB/XcodeCache/Projects/XOArena/XOArena/Views/GameScreen.swift:329:9: note: add missing case: '.accessibility4'
        switch dynamicTypeSize {
        ^
/Volumes/External2TB/XcodeCache/Projects/XOArena/XOArena/Views/GameScreen.swift:329:9: note: add missing case: '.accessibility5'
        switch dynamicTypeSize {
        ^
/Volumes/External2TB/XcodeCache/Projects/XOArena/XOArena/Views/GameScreen.swift:329:9: note: add missing cases
        switch dynamicTypeSize {
        ^
/Volumes/External2TB/XcodeCache/Projects/XOArena/XOArena/Views/GameScreen.swift:348:9: warning: switch must be exhaustive
        switch dynamicTypeSize {
        ^
/Volumes/External2TB/XcodeCache/Projects/XOArena/XOArena/Views/GameScreen.swift:348:9: note: add missing case: '.accessibility1'
        switch dynamicTypeSize {
        ^
/Volumes/External2TB/XcodeCache/Projects/XOArena/XOArena/Views/GameScreen.swift:348:9: note: add missing case: '.accessibility2'
        switch dynamicTypeSize {
        ^
/Volumes/External2TB/XcodeCache/Projects/XOArena/XOArena/Views/GameScreen.swift:348:9: note: add missing case: '.accessibility3'
        switch dynamicTypeSize {
        ^
/Volumes/External2TB/XcodeCache/Projects/XOArena/XOArena/Views/GameScreen.swift:348:9: note: add missing case: '.accessibility4'
        switch dynamicTypeSize {
        ^
/Volumes/External2TB/XcodeCache/Projects/XOArena/XOArena/Views/GameScreen.swift:348:9: note: add missing case: '.accessibility5'
        switch dynamicTypeSize {
        ^
/Volumes/External2TB/XcodeCache/Projects/XOArena/XOArena/Views/GameScreen.swift:348:9: note: add missing cases
        switch dynamicTypeSize {
        ^
/Volumes/External2TB/XcodeCache/Projects/XOArena/XOArena/Views/GameScreen.swift:390:9: warning: switch must be exhaustive
        switch dynamicTypeSize {
        ^
/Volumes/External2TB/XcodeCache/Projects/XOArena/XOArena/Views/GameScreen.swift:390:9: note: add missing case: '.accessibility1'
        switch dynamicTypeSize {
        ^
/Volumes/External2TB/XcodeCache/Projects/XOArena/XOArena/Views/GameScreen.swift:390:9: note: add missing case: '.accessibility2'
        switch dynamicTypeSize {
        ^
/Volumes/External2TB/XcodeCache/Projects/XOArena/XOArena/Views/GameScreen.swift:390:9: note: add missing case: '.accessibility3'
        switch dynamicTypeSize {
        ^
/Volumes/External2TB/XcodeCache/Projects/XOArena/XOArena/Views/GameScreen.swift:390:9: note: add missing case: '.accessibility4'
        switch dynamicTypeSize {
        ^
/Volumes/External2TB/XcodeCache/Projects/XOArena/XOArena/Views/GameScreen.swift:390:9: note: add missing case: '.accessibility5'
        switch dynamicTypeSize {
        ^
/Volumes/External2TB/XcodeCache/Projects/XOArena/XOArena/Views/GameScreen.swift:390:9: note: add missing cases
        switch dynamicTypeSize {
        ^
/Volumes/External2TB/XcodeCache/Projects/XOArena/XOArena/Views/GameScreen.swift:409:9: warning: switch must be exhaustive
        switch dynamicTypeSize {
        ^
/Volumes/External2TB/XcodeCache/Projects/XOArena/XOArena/Views/GameScreen.swift:409:9: note: add missing case: '.accessibility1'
        switch dynamicTypeSize {
        ^
/Volumes/External2TB/XcodeCache/Projects/XOArena/XOArena/Views/GameScreen.swift:409:9: note: add missing case: '.accessibility2'
        switch dynamicTypeSize {
        ^
/Volumes/External2TB/XcodeCache/Projects/XOArena/XOArena/Views/GameScreen.swift:409:9: note: add missing case: '.accessibility3'
        switch dynamicTypeSize {
        ^
/Volumes/External2TB/XcodeCache/Projects/XOArena/XOArena/Views/GameScreen.swift:409:9: note: add missing case: '.accessibility4'
        switch dynamicTypeSize {
        ^
/Volumes/External2TB/XcodeCache/Projects/XOArena/XOArena/Views/GameScreen.swift:409:9: note: add missing case: '.accessibility5'
        switch dynamicTypeSize {
        ^
/Volumes/External2TB/XcodeCache/Projects/XOArena/XOArena/Views/GameScreen.swift:409:9: note: add missing cases
        switch dynamicTypeSize {
        ^
/Volumes/External2TB/XcodeCache/Projects/XOArena/XOArena/Views/GameScreen.swift:458:9: warning: switch must be exhaustive
        switch dynamicTypeSize {
        ^
/Volumes/External2TB/XcodeCache/Projects/XOArena/XOArena/Views/GameScreen.swift:458:9: note: add missing case: '.accessibility1'
        switch dynamicTypeSize {
        ^
/Volumes/External2TB/XcodeCache/Projects/XOArena/XOArena/Views/GameScreen.swift:458:9: note: add missing case: '.accessibility2'
        switch dynamicTypeSize {
        ^
/Volumes/External2TB/XcodeCache/Projects/XOArena/XOArena/Views/GameScreen.swift:458:9: note: add missing case: '.accessibility3'
        switch dynamicTypeSize {
        ^
/Volumes/External2TB/XcodeCache/Projects/XOArena/XOArena/Views/GameScreen.swift:458:9: note: add missing case: '.accessibility4'
        switch dynamicTypeSize {
        ^
/Volumes/External2TB/XcodeCache/Projects/XOArena/XOArena/Views/GameScreen.swift:458:9: note: add missing case: '.accessibility5'
        switch dynamicTypeSize {
        ^
/Volumes/External2TB/XcodeCache/Projects/XOArena/XOArena/Views/GameScreen.swift:458:9: note: add missing cases
        switch dynamicTypeSize {
        ^

SwiftCompile normal arm64 Compiling\ GeneratedAssetSymbols.swift /Users/sgazza/Library/Developer/Xcode/DerivedData/XOArena-fqdoukvydhgdohajtqjbttmkfnmy/Build/Intermediates.noindex/XOArena.build/Debug-iphonesimulator/XOArena.build/DerivedSources/GeneratedAssetSymbols.swift (in target 'XOArena' from project 'XOArena')

SwiftCompile normal arm64 /Users/sgazza/Library/Developer/Xcode/DerivedData/XOArena-fqdoukvydhgdohajtqjbttmkfnmy/Build/Intermediates.noindex/XOArena.build/Debug-iphonesimulator/XOArena.build/DerivedSources/GeneratedAssetSymbols.swift (in target 'XOArena' from project 'XOArena')
    cd /Volumes/External2TB/XcodeCache/Projects/XOArena
    

SwiftDriverJobDiscovery normal arm64 Compiling HapticManager.swift (in target 'XOArena' from project 'XOArena')

SwiftDriverJobDiscovery normal arm64 Compiling GameLogic.swift (in target 'XOArena' from project 'XOArena')

SwiftDriverJobDiscovery normal arm64 Compiling GameModels.swift (in target 'XOArena' from project 'XOArena')

SwiftDriverJobDiscovery normal arm64 Compiling GeneratedAssetSymbols.swift (in target 'XOArena' from project 'XOArena')

SwiftDriverJobDiscovery normal arm64 Emitting module for XOArena (in target 'XOArena' from project 'XOArena')

SwiftDriver\ Compilation\ Requirements XOArena normal arm64 com.apple.xcode.tools.swift.compiler (in target 'XOArena' from project 'XOArena')
    cd /Volumes/External2TB/XcodeCache/Projects/XOArena
    builtin-Swift-Compilation-Requirements -- /Applications/Xcode.app/Contents/Developer/Toolchains/XcodeDefault.xctoolchain/usr/bin/swiftc -module-name XOArena -Onone -enforce-exclusivity\=checked @/Users/sgazza/Library/Developer/Xcode/DerivedData/XOArena-fqdoukvydhgdohajtqjbttmkfnmy/Build/Intermediates.noindex/XOArena.build/Debug-iphonesimulator/XOArena.build/Objects-normal/arm64/XOArena.SwiftFileList -DDEBUG -enable-bare-slash-regex -enable-experimental-feature DebugDescriptionMacro -sdk /Applications/Xcode.app/Contents/Developer/Platforms/iPhoneSimulator.platform/Developer/SDKs/iPhoneSimulator18.5.sdk -target arm64-apple-ios17.6-simulator -g -module-cache-path /Users/sgazza/Library/Developer/Xcode/DerivedData/ModuleCache.noindex -Xfrontend -serialize-debugging-options -enable-testing -index-store-path /Users/sgazza/Library/Developer/Xcode/DerivedData/XOArena-fqdoukvydhgdohajtqjbttmkfnmy/Index.noindex/DataStore -swift-version 5 -I /Users/sgazza/Library/Developer/Xcode/DerivedData/XOArena-fqdoukvydhgdohajtqjbttmkfnmy/Build/Products/Debug-iphonesimulator -F /Users/sgazza/Library/Developer/Xcode/DerivedData/XOArena-fqdoukvydhgdohajtqjbttmkfnmy/Build/Products/Debug-iphonesimulator -emit-localized-strings -emit-localized-strings-path /Users/sgazza/Library/Developer/Xcode/DerivedData/XOArena-fqdoukvydhgdohajtqjbttmkfnmy/Build/Intermediates.noindex/XOArena.build/Debug-iphonesimulator/XOArena.build/Objects-normal/arm64 -c -j10 -enable-batch-mode -incremental -Xcc -ivfsstatcache -Xcc /Users/sgazza/Library/Developer/Xcode/DerivedData/SDKStatCaches.noindex/iphonesimulator18.5-22F76-d5fc8ad4295d2ef488fb7d0f804ce0c4.sdkstatcache -output-file-map /Users/sgazza/Library/Developer/Xcode/DerivedData/XOArena-fqdoukvydhgdohajtqjbttmkfnmy/Build/Intermediates.noindex/XOArena.build/Debug-iphonesimulator/XOArena.build/Objects-normal/arm64/XOArena-OutputFileMap.json -use-frontend-parseable-output -save-temps -no-color-diagnostics -serialize-diagnostics -emit-dependencies -emit-module -emit-module-path /Users/sgazza/Library/Developer/Xcode/DerivedData/XOArena-fqdoukvydhgdohajtqjbttmkfnmy/Build/Intermediates.noindex/XOArena.build/Debug-iphonesimulator/XOArena.build/Objects-normal/arm64/XOArena.swiftmodule -validate-clang-modules-once -clang-build-session-file /Users/sgazza/Library/Developer/Xcode/DerivedData/ModuleCache.noindex/Session.modulevalidation -Xcc -I/Users/sgazza/Library/Developer/Xcode/DerivedData/XOArena-fqdoukvydhgdohajtqjbttmkfnmy/Build/Intermediates.noindex/XOArena.build/Debug-iphonesimulator/XOArena.build/swift-overrides.hmap -emit-const-values -Xfrontend -const-gather-protocols-file -Xfrontend /Users/sgazza/Library/Developer/Xcode/DerivedData/XOArena-fqdoukvydhgdohajtqjbttmkfnmy/Build/Intermediates.noindex/XOArena.build/Debug-iphonesimulator/XOArena.build/Objects-normal/arm64/XOArena_const_extract_protocols.json -Xcc -iquote -Xcc /Users/sgazza/Library/Developer/Xcode/DerivedData/XOArena-fqdoukvydhgdohajtqjbttmkfnmy/Build/Intermediates.noindex/XOArena.build/Debug-iphonesimulator/XOArena.build/XOArena-generated-files.hmap -Xcc -I/Users/sgazza/Library/Developer/Xcode/DerivedData/XOArena-fqdoukvydhgdohajtqjbttmkfnmy/Build/Intermediates.noindex/XOArena.build/Debug-iphonesimulator/XOArena.build/XOArena-own-target-headers.hmap -Xcc -I/Users/sgazza/Library/Developer/Xcode/DerivedData/XOArena-fqdoukvydhgdohajtqjbttmkfnmy/Build/Intermediates.noindex/XOArena.build/Debug-iphonesimulator/XOArena.build/XOArena-all-target-headers.hmap -Xcc -iquote -Xcc /Users/sgazza/Library/Developer/Xcode/DerivedData/XOArena-fqdoukvydhgdohajtqjbttmkfnmy/Build/Intermediates.noindex/XOArena.build/Debug-iphonesimulator/XOArena.build/XOArena-project-headers.hmap -Xcc -I/Users/sgazza/Library/Developer/Xcode/DerivedData/XOArena-fqdoukvydhgdohajtqjbttmkfnmy/Build/Products/Debug-iphonesimulator/include -Xcc -I/Users/sgazza/Library/Developer/Xcode/DerivedData/XOArena-fqdoukvydhgdohajtqjbttmkfnmy/Build/Intermediates.noindex/XOArena.build/Debug-iphonesimulator/XOArena.build/DerivedSources-normal/arm64 -Xcc -I/Users/sgazza/Library/Developer/Xcode/DerivedData/XOArena-fqdoukvydhgdohajtqjbttmkfnmy/Build/Intermediates.noindex/XOArena.build/Debug-iphonesimulator/XOArena.build/DerivedSources/arm64 -Xcc -I/Users/sgazza/Library/Developer/Xcode/DerivedData/XOArena-fqdoukvydhgdohajtqjbttmkfnmy/Build/Intermediates.noindex/XOArena.build/Debug-iphonesimulator/XOArena.build/DerivedSources -Xcc -DDEBUG\=1 -emit-objc-header -emit-objc-header-path /Users/sgazza/Library/Developer/Xcode/DerivedData/XOArena-fqdoukvydhgdohajtqjbttmkfnmy/Build/Intermediates.noindex/XOArena.build/Debug-iphonesimulator/XOArena.build/Objects-normal/arm64/XOArena-Swift.h -working-directory /Volumes/External2TB/XcodeCache/Projects/XOArena -experimental-emit-module-separately -disable-cmo

SwiftMergeGeneratedHeaders /Users/sgazza/Library/Developer/Xcode/DerivedData/XOArena-fqdoukvydhgdohajtqjbttmkfnmy/Build/Intermediates.noindex/XOArena.build/Debug-iphonesimulator/XOArena.build/DerivedSources/XOArena-Swift.h /Users/sgazza/Library/Developer/Xcode/DerivedData/XOArena-fqdoukvydhgdohajtqjbttmkfnmy/Build/Intermediates.noindex/XOArena.build/Debug-iphonesimulator/XOArena.build/Objects-normal/arm64/XOArena-Swift.h (in target 'XOArena' from project 'XOArena')
    cd /Volumes/External2TB/XcodeCache/Projects/XOArena
    builtin-swiftHeaderTool -arch arm64 /Users/sgazza/Library/Developer/Xcode/DerivedData/XOArena-fqdoukvydhgdohajtqjbttmkfnmy/Build/Intermediates.noindex/XOArena.build/Debug-iphonesimulator/XOArena.build/Objects-normal/arm64/XOArena-Swift.h -o /Users/sgazza/Library/Developer/Xcode/DerivedData/XOArena-fqdoukvydhgdohajtqjbttmkfnmy/Build/Intermediates.noindex/XOArena.build/Debug-iphonesimulator/XOArena.build/DerivedSources/XOArena-Swift.h

Copy /Users/sgazza/Library/Developer/Xcode/DerivedData/XOArena-fqdoukvydhgdohajtqjbttmkfnmy/Build/Products/Debug-iphonesimulator/XOArena.swiftmodule/arm64-apple-ios-simulator.swiftdoc /Users/sgazza/Library/Developer/Xcode/DerivedData/XOArena-fqdoukvydhgdohajtqjbttmkfnmy/Build/Intermediates.noindex/XOArena.build/Debug-iphonesimulator/XOArena.build/Objects-normal/arm64/XOArena.swiftdoc (in target 'XOArena' from project 'XOArena')
    cd /Volumes/External2TB/XcodeCache/Projects/XOArena
    builtin-copy -exclude .DS_Store -exclude CVS -exclude .svn -exclude .git -exclude .hg -resolve-src-symlinks -rename /Users/sgazza/Library/Developer/Xcode/DerivedData/XOArena-fqdoukvydhgdohajtqjbttmkfnmy/Build/Intermediates.noindex/XOArena.build/Debug-iphonesimulator/XOArena.build/Objects-normal/arm64/XOArena.swiftdoc /Users/sgazza/Library/Developer/Xcode/DerivedData/XOArena-fqdoukvydhgdohajtqjbttmkfnmy/Build/Products/Debug-iphonesimulator/XOArena.swiftmodule/arm64-apple-ios-simulator.swiftdoc

Copy /Users/sgazza/Library/Developer/Xcode/DerivedData/XOArena-fqdoukvydhgdohajtqjbttmkfnmy/Build/Products/Debug-iphonesimulator/XOArena.swiftmodule/arm64-apple-ios-simulator.swiftmodule /Users/sgazza/Library/Developer/Xcode/DerivedData/XOArena-fqdoukvydhgdohajtqjbttmkfnmy/Build/Intermediates.noindex/XOArena.build/Debug-iphonesimulator/XOArena.build/Objects-normal/arm64/XOArena.swiftmodule (in target 'XOArena' from project 'XOArena')
    cd /Volumes/External2TB/XcodeCache/Projects/XOArena
    builtin-copy -exclude .DS_Store -exclude CVS -exclude .svn -exclude .git -exclude .hg -resolve-src-symlinks -rename /Users/sgazza/Library/Developer/Xcode/DerivedData/XOArena-fqdoukvydhgdohajtqjbttmkfnmy/Build/Intermediates.noindex/XOArena.build/Debug-iphonesimulator/XOArena.build/Objects-normal/arm64/XOArena.swiftmodule /Users/sgazza/Library/Developer/Xcode/DerivedData/XOArena-fqdoukvydhgdohajtqjbttmkfnmy/Build/Products/Debug-iphonesimulator/XOArena.swiftmodule/arm64-apple-ios-simulator.swiftmodule

Copy /Users/sgazza/Library/Developer/Xcode/DerivedData/XOArena-fqdoukvydhgdohajtqjbttmkfnmy/Build/Products/Debug-iphonesimulator/XOArena.swiftmodule/arm64-apple-ios-simulator.abi.json /Users/sgazza/Library/Developer/Xcode/DerivedData/XOArena-fqdoukvydhgdohajtqjbttmkfnmy/Build/Intermediates.noindex/XOArena.build/Debug-iphonesimulator/XOArena.build/Objects-normal/arm64/XOArena.abi.json (in target 'XOArena' from project 'XOArena')
    cd /Volumes/External2TB/XcodeCache/Projects/XOArena
    builtin-copy -exclude .DS_Store -exclude CVS -exclude .svn -exclude .git -exclude .hg -resolve-src-symlinks -rename /Users/sgazza/Library/Developer/Xcode/DerivedData/XOArena-fqdoukvydhgdohajtqjbttmkfnmy/Build/Intermediates.noindex/XOArena.build/Debug-iphonesimulator/XOArena.build/Objects-normal/arm64/XOArena.abi.json /Users/sgazza/Library/Developer/Xcode/DerivedData/XOArena-fqdoukvydhgdohajtqjbttmkfnmy/Build/Products/Debug-iphonesimulator/XOArena.swiftmodule/arm64-apple-ios-simulator.abi.json

Copy /Users/sgazza/Library/Developer/Xcode/DerivedData/XOArena-fqdoukvydhgdohajtqjbttmkfnmy/Build/Products/Debug-iphonesimulator/XOArena.swiftmodule/Project/arm64-apple-ios-simulator.swiftsourceinfo /Users/sgazza/Library/Developer/Xcode/DerivedData/XOArena-fqdoukvydhgdohajtqjbttmkfnmy/Build/Intermediates.noindex/XOArena.build/Debug-iphonesimulator/XOArena.build/Objects-normal/arm64/XOArena.swiftsourceinfo (in target 'XOArena' from project 'XOArena')
    cd /Volumes/External2TB/XcodeCache/Projects/XOArena
    builtin-copy -exclude .DS_Store -exclude CVS -exclude .svn -exclude .git -exclude .hg -resolve-src-symlinks -rename /Users/sgazza/Library/Developer/Xcode/DerivedData/XOArena-fqdoukvydhgdohajtqjbttmkfnmy/Build/Intermediates.noindex/XOArena.build/Debug-iphonesimulator/XOArena.build/Objects-normal/arm64/XOArena.swiftsourceinfo /Users/sgazza/Library/Developer/Xcode/DerivedData/XOArena-fqdoukvydhgdohajtqjbttmkfnmy/Build/Products/Debug-iphonesimulator/XOArena.swiftmodule/Project/arm64-apple-ios-simulator.swiftsourceinfo

SwiftDriverJobDiscovery normal arm64 Compiling GameViewModel.swift (in target 'XOArena' from project 'XOArena')

SwiftDriverJobDiscovery normal arm64 Compiling IntroScreen.swift, PauseMenuView.swift (in target 'XOArena' from project 'XOArena')

SwiftDriverJobDiscovery normal arm64 Compiling VictoryScreen.swift (in target 'XOArena' from project 'XOArena')

SwiftDriverJobDiscovery normal arm64 Compiling ColorTheme.swift, GameScreen.swift (in target 'XOArena' from project 'XOArena')

SwiftDriverJobDiscovery normal arm64 Compiling XOArenaApp.swift, ContentView.swift (in target 'XOArena' from project 'XOArena')

SwiftDriverJobDiscovery normal arm64 Compiling TicTacToeBoard.swift, ViewModifiers.swift (in target 'XOArena' from project 'XOArena')

SwiftDriver\ Compilation XOArena normal arm64 com.apple.xcode.tools.swift.compiler (in target 'XOArena' from project 'XOArena')
    cd /Volumes/External2TB/XcodeCache/Projects/XOArena
    builtin-Swift-Compilation -- /Applications/Xcode.app/Contents/Developer/Toolchains/XcodeDefault.xctoolchain/usr/bin/swiftc -module-name XOArena -Onone -enforce-exclusivity\=checked @/Users/sgazza/Library/Developer/Xcode/DerivedData/XOArena-fqdoukvydhgdohajtqjbttmkfnmy/Build/Intermediates.noindex/XOArena.build/Debug-iphonesimulator/XOArena.build/Objects-normal/arm64/XOArena.SwiftFileList -DDEBUG -enable-bare-slash-regex -enable-experimental-feature DebugDescriptionMacro -sdk /Applications/Xcode.app/Contents/Developer/Platforms/iPhoneSimulator.platform/Developer/SDKs/iPhoneSimulator18.5.sdk -target arm64-apple-ios17.6-simulator -g -module-cache-path /Users/sgazza/Library/Developer/Xcode/DerivedData/ModuleCache.noindex -Xfrontend -serialize-debugging-options -enable-testing -index-store-path /Users/sgazza/Library/Developer/Xcode/DerivedData/XOArena-fqdoukvydhgdohajtqjbttmkfnmy/Index.noindex/DataStore -swift-version 5 -I /Users/sgazza/Library/Developer/Xcode/DerivedData/XOArena-fqdoukvydhgdohajtqjbttmkfnmy/Build/Products/Debug-iphonesimulator -F /Users/sgazza/Library/Developer/Xcode/DerivedData/XOArena-fqdoukvydhgdohajtqjbttmkfnmy/Build/Products/Debug-iphonesimulator -emit-localized-strings -emit-localized-strings-path /Users/sgazza/Library/Developer/Xcode/DerivedData/XOArena-fqdoukvydhgdohajtqjbttmkfnmy/Build/Intermediates.noindex/XOArena.build/Debug-iphonesimulator/XOArena.build/Objects-normal/arm64 -c -j10 -enable-batch-mode -incremental -Xcc -ivfsstatcache -Xcc /Users/sgazza/Library/Developer/Xcode/DerivedData/SDKStatCaches.noindex/iphonesimulator18.5-22F76-d5fc8ad4295d2ef488fb7d0f804ce0c4.sdkstatcache -output-file-map /Users/sgazza/Library/Developer/Xcode/DerivedData/XOArena-fqdoukvydhgdohajtqjbttmkfnmy/Build/Intermediates.noindex/XOArena.build/Debug-iphonesimulator/XOArena.build/Objects-normal/arm64/XOArena-OutputFileMap.json -use-frontend-parseable-output -save-temps -no-color-diagnostics -serialize-diagnostics -emit-dependencies -emit-module -emit-module-path /Users/sgazza/Library/Developer/Xcode/DerivedData/XOArena-fqdoukvydhgdohajtqjbttmkfnmy/Build/Intermediates.noindex/XOArena.build/Debug-iphonesimulator/XOArena.build/Objects-normal/arm64/XOArena.swiftmodule -validate-clang-modules-once -clang-build-session-file /Users/sgazza/Library/Developer/Xcode/DerivedData/ModuleCache.noindex/Session.modulevalidation -Xcc -I/Users/sgazza/Library/Developer/Xcode/DerivedData/XOArena-fqdoukvydhgdohajtqjbttmkfnmy/Build/Intermediates.noindex/XOArena.build/Debug-iphonesimulator/XOArena.build/swift-overrides.hmap -emit-const-values -Xfrontend -const-gather-protocols-file -Xfrontend /Users/sgazza/Library/Developer/Xcode/DerivedData/XOArena-fqdoukvydhgdohajtqjbttmkfnmy/Build/Intermediates.noindex/XOArena.build/Debug-iphonesimulator/XOArena.build/Objects-normal/arm64/XOArena_const_extract_protocols.json -Xcc -iquote -Xcc /Users/sgazza/Library/Developer/Xcode/DerivedData/XOArena-fqdoukvydhgdohajtqjbttmkfnmy/Build/Intermediates.noindex/XOArena.build/Debug-iphonesimulator/XOArena.build/XOArena-generated-files.hmap -Xcc -I/Users/sgazza/Library/Developer/Xcode/DerivedData/XOArena-fqdoukvydhgdohajtqjbttmkfnmy/Build/Intermediates.noindex/XOArena.build/Debug-iphonesimulator/XOArena.build/XOArena-own-target-headers.hmap -Xcc -I/Users/sgazza/Library/Developer/Xcode/DerivedData/XOArena-fqdoukvydhgdohajtqjbttmkfnmy/Build/Intermediates.noindex/XOArena.build/Debug-iphonesimulator/XOArena.build/XOArena-all-target-headers.hmap -Xcc -iquote -Xcc /Users/sgazza/Library/Developer/Xcode/DerivedData/XOArena-fqdoukvydhgdohajtqjbttmkfnmy/Build/Intermediates.noindex/XOArena.build/Debug-iphonesimulator/XOArena.build/XOArena-project-headers.hmap -Xcc -I/Users/sgazza/Library/Developer/Xcode/DerivedData/XOArena-fqdoukvydhgdohajtqjbttmkfnmy/Build/Products/Debug-iphonesimulator/include -Xcc -I/Users/sgazza/Library/Developer/Xcode/DerivedData/XOArena-fqdoukvydhgdohajtqjbttmkfnmy/Build/Intermediates.noindex/XOArena.build/Debug-iphonesimulator/XOArena.build/DerivedSources-normal/arm64 -Xcc -I/Users/sgazza/Library/Developer/Xcode/DerivedData/XOArena-fqdoukvydhgdohajtqjbttmkfnmy/Build/Intermediates.noindex/XOArena.build/Debug-iphonesimulator/XOArena.build/DerivedSources/arm64 -Xcc -I/Users/sgazza/Library/Developer/Xcode/DerivedData/XOArena-fqdoukvydhgdohajtqjbttmkfnmy/Build/Intermediates.noindex/XOArena.build/Debug-iphonesimulator/XOArena.build/DerivedSources -Xcc -DDEBUG\=1 -emit-objc-header -emit-objc-header-path /Users/sgazza/Library/Developer/Xcode/DerivedData/XOArena-fqdoukvydhgdohajtqjbttmkfnmy/Build/Intermediates.noindex/XOArena.build/Debug-iphonesimulator/XOArena.build/Objects-normal/arm64/XOArena-Swift.h -working-directory /Volumes/External2TB/XcodeCache/Projects/XOArena -experimental-emit-module-separately -disable-cmo

Ld /Users/sgazza/Library/Developer/Xcode/DerivedData/XOArena-fqdoukvydhgdohajtqjbttmkfnmy/Build/Products/Debug-iphonesimulator/XOArena.app/XOArena.debug.dylib normal (in target 'XOArena' from project 'XOArena')
    cd /Volumes/External2TB/XcodeCache/Projects/XOArena
    /Applications/Xcode.app/Contents/Developer/Toolchains/XcodeDefault.xctoolchain/usr/bin/clang -Xlinker -reproducible -target arm64-apple-ios17.6-simulator -dynamiclib -isysroot /Applications/Xcode.app/Contents/Developer/Platforms/iPhoneSimulator.platform/Developer/SDKs/iPhoneSimulator18.5.sdk -O0 -L/Users/sgazza/Library/Developer/Xcode/DerivedData/XOArena-fqdoukvydhgdohajtqjbttmkfnmy/Build/Intermediates.noindex/EagerLinkingTBDs/Debug-iphonesimulator -L/Users/sgazza/Library/Developer/Xcode/DerivedData/XOArena-fqdoukvydhgdohajtqjbttmkfnmy/Build/Products/Debug-iphonesimulator -F/Users/sgazza/Library/Developer/Xcode/DerivedData/XOArena-fqdoukvydhgdohajtqjbttmkfnmy/Build/Intermediates.noindex/EagerLinkingTBDs/Debug-iphonesimulator -F/Users/sgazza/Library/Developer/Xcode/DerivedData/XOArena-fqdoukvydhgdohajtqjbttmkfnmy/Build/Products/Debug-iphonesimulator -filelist /Users/sgazza/Library/Developer/Xcode/DerivedData/XOArena-fqdoukvydhgdohajtqjbttmkfnmy/Build/Intermediates.noindex/XOArena.build/Debug-iphonesimulator/XOArena.build/Objects-normal/arm64/XOArena.LinkFileList -install_name @rpath/XOArena.debug.dylib -Xlinker -rpath -Xlinker @executable_path/Frameworks -dead_strip -Xlinker -object_path_lto -Xlinker /Users/sgazza/Library/Developer/Xcode/DerivedData/XOArena-fqdoukvydhgdohajtqjbttmkfnmy/Build/Intermediates.noindex/XOArena.build/Debug-iphonesimulator/XOArena.build/Objects-normal/arm64/XOArena_lto.o -rdynamic -Xlinker -no_deduplicate -Xlinker -objc_abi_version -Xlinker 2 -Xlinker -dependency_info -Xlinker /Users/sgazza/Library/Developer/Xcode/DerivedData/XOArena-fqdoukvydhgdohajtqjbttmkfnmy/Build/Intermediates.noindex/XOArena.build/Debug-iphonesimulator/XOArena.build/Objects-normal/arm64/XOArena_dependency_info.dat -fobjc-link-runtime -L/Applications/Xcode.app/Contents/Developer/Toolchains/XcodeDefault.xctoolchain/usr/lib/swift/iphonesimulator -L/usr/lib/swift -Xlinker -add_ast_path -Xlinker /Users/sgazza/Library/Developer/Xcode/DerivedData/XOArena-fqdoukvydhgdohajtqjbttmkfnmy/Build/Intermediates.noindex/XOArena.build/Debug-iphonesimulator/XOArena.build/Objects-normal/arm64/XOArena.swiftmodule -Xlinker -alias -Xlinker _main -Xlinker ___debug_main_executable_dylib_entry_point -Xlinker -no_adhoc_codesign -o /Users/sgazza/Library/Developer/Xcode/DerivedData/XOArena-fqdoukvydhgdohajtqjbttmkfnmy/Build/Products/Debug-iphonesimulator/XOArena.app/XOArena.debug.dylib

ConstructStubExecutorLinkFileList /Users/sgazza/Library/Developer/Xcode/DerivedData/XOArena-fqdoukvydhgdohajtqjbttmkfnmy/Build/Intermediates.noindex/XOArena.build/Debug-iphonesimulator/XOArena.build/XOArena-ExecutorLinkFileList-normal-arm64.txt (in target 'XOArena' from project 'XOArena')
    cd /Volumes/External2TB/XcodeCache/Projects/XOArena
    construct-stub-executor-link-file-list /Users/sgazza/Library/Developer/Xcode/DerivedData/XOArena-fqdoukvydhgdohajtqjbttmkfnmy/Build/Products/Debug-iphonesimulator/XOArena.app/XOArena.debug.dylib /Applications/Xcode.app/Contents/Developer/Platforms/iPhoneSimulator.platform/Developer/usr/lib/libPreviewsJITStubExecutor_no_swift_entry_point.a /Applications/Xcode.app/Contents/Developer/Platforms/iPhoneSimulator.platform/Developer/usr/lib/libPreviewsJITStubExecutor.a --output /Users/sgazza/Library/Developer/Xcode/DerivedData/XOArena-fqdoukvydhgdohajtqjbttmkfnmy/Build/Intermediates.noindex/XOArena.build/Debug-iphonesimulator/XOArena.build/XOArena-ExecutorLinkFileList-normal-arm64.txt
note: Using stub executor library with Swift entry point. (in target 'XOArena' from project 'XOArena')

Ld /Users/sgazza/Library/Developer/Xcode/DerivedData/XOArena-fqdoukvydhgdohajtqjbttmkfnmy/Build/Products/Debug-iphonesimulator/XOArena.app/XOArena normal (in target 'XOArena' from project 'XOArena')
    cd /Volumes/External2TB/XcodeCache/Projects/XOArena
    /Applications/Xcode.app/Contents/Developer/Toolchains/XcodeDefault.xctoolchain/usr/bin/clang -Xlinker -reproducible -target arm64-apple-ios17.6-simulator -isysroot /Applications/Xcode.app/Contents/Developer/Platforms/iPhoneSimulator.platform/Developer/SDKs/iPhoneSimulator18.5.sdk -O0 -L/Users/sgazza/Library/Developer/Xcode/DerivedData/XOArena-fqdoukvydhgdohajtqjbttmkfnmy/Build/Products/Debug-iphonesimulator -F/Users/sgazza/Library/Developer/Xcode/DerivedData/XOArena-fqdoukvydhgdohajtqjbttmkfnmy/Build/Products/Debug-iphonesimulator -Xlinker -rpath -Xlinker @executable_path -Xlinker -rpath -Xlinker @executable_path/Frameworks -rdynamic -Xlinker -no_deduplicate -Xlinker -objc_abi_version -Xlinker 2 -e ___debug_blank_executor_main -Xlinker -sectcreate -Xlinker __TEXT -Xlinker __debug_dylib -Xlinker /Users/sgazza/Library/Developer/Xcode/DerivedData/XOArena-fqdoukvydhgdohajtqjbttmkfnmy/Build/Intermediates.noindex/XOArena.build/Debug-iphonesimulator/XOArena.build/XOArena-DebugDylibPath-normal-arm64.txt -Xlinker -sectcreate -Xlinker __TEXT -Xlinker __debug_instlnm -Xlinker /Users/sgazza/Library/Developer/Xcode/DerivedData/XOArena-fqdoukvydhgdohajtqjbttmkfnmy/Build/Intermediates.noindex/XOArena.build/Debug-iphonesimulator/XOArena.build/XOArena-DebugDylibInstallName-normal-arm64.txt -Xlinker -filelist -Xlinker /Users/sgazza/Library/Developer/Xcode/DerivedData/XOArena-fqdoukvydhgdohajtqjbttmkfnmy/Build/Intermediates.noindex/XOArena.build/Debug-iphonesimulator/XOArena.build/XOArena-ExecutorLinkFileList-normal-arm64.txt -Xlinker -sectcreate -Xlinker __TEXT -Xlinker __entitlements -Xlinker /Users/sgazza/Library/Developer/Xcode/DerivedData/XOArena-fqdoukvydhgdohajtqjbttmkfnmy/Build/Intermediates.noindex/XOArena.build/Debug-iphonesimulator/XOArena.build/XOArena.app-Simulated.xcent -Xlinker -sectcreate -Xlinker __TEXT -Xlinker __ents_der -Xlinker /Users/sgazza/Library/Developer/Xcode/DerivedData/XOArena-fqdoukvydhgdohajtqjbttmkfnmy/Build/Intermediates.noindex/XOArena.build/Debug-iphonesimulator/XOArena.build/XOArena.app-Simulated.xcent.der /Users/sgazza/Library/Developer/Xcode/DerivedData/XOArena-fqdoukvydhgdohajtqjbttmkfnmy/Build/Products/Debug-iphonesimulator/XOArena.app/XOArena.debug.dylib -Xlinker -no_adhoc_codesign -o /Users/sgazza/Library/Developer/Xcode/DerivedData/XOArena-fqdoukvydhgdohajtqjbttmkfnmy/Build/Products/Debug-iphonesimulator/XOArena.app/XOArena

CopySwiftLibs /Users/sgazza/Library/Developer/Xcode/DerivedData/XOArena-fqdoukvydhgdohajtqjbttmkfnmy/Build/Products/Debug-iphonesimulator/XOArena.app (in target 'XOArena' from project 'XOArena')
    cd /Volumes/External2TB/XcodeCache/Projects/XOArena
    builtin-swiftStdLibTool --copy --verbose --sign - --scan-executable /Users/sgazza/Library/Developer/Xcode/DerivedData/XOArena-fqdoukvydhgdohajtqjbttmkfnmy/Build/Products/Debug-iphonesimulator/XOArena.app/XOArena.debug.dylib --scan-folder /Users/sgazza/Library/Developer/Xcode/DerivedData/XOArena-fqdoukvydhgdohajtqjbttmkfnmy/Build/Products/Debug-iphonesimulator/XOArena.app/Frameworks --scan-folder /Users/sgazza/Library/Developer/Xcode/DerivedData/XOArena-fqdoukvydhgdohajtqjbttmkfnmy/Build/Products/Debug-iphonesimulator/XOArena.app/PlugIns --scan-folder /Users/sgazza/Library/Developer/Xcode/DerivedData/XOArena-fqdoukvydhgdohajtqjbttmkfnmy/Build/Products/Debug-iphonesimulator/XOArena.app/SystemExtensions --scan-folder /Users/sgazza/Library/Developer/Xcode/DerivedData/XOArena-fqdoukvydhgdohajtqjbttmkfnmy/Build/Products/Debug-iphonesimulator/XOArena.app/Extensions --platform iphonesimulator --toolchain /Applications/Xcode.app/Contents/Developer/Toolchains/XcodeDefault.xctoolchain --destination /Users/sgazza/Library/Developer/Xcode/DerivedData/XOArena-fqdoukvydhgdohajtqjbttmkfnmy/Build/Products/Debug-iphonesimulator/XOArena.app/Frameworks --strip-bitcode --strip-bitcode-tool /Applications/Xcode.app/Contents/Developer/Toolchains/XcodeDefault.xctoolchain/usr/bin/bitcode_strip --emit-dependency-info /Users/sgazza/Library/Developer/Xcode/DerivedData/XOArena-fqdoukvydhgdohajtqjbttmkfnmy/Build/Intermediates.noindex/XOArena.build/Debug-iphonesimulator/XOArena.build/SwiftStdLibToolInputDependencies.dep --filter-for-swift-os

ExtractAppIntentsMetadata (in target 'XOArena' from project 'XOArena')
    cd /Volumes/External2TB/XcodeCache/Projects/XOArena
    /Applications/Xcode.app/Contents/Developer/Toolchains/XcodeDefault.xctoolchain/usr/bin/appintentsmetadataprocessor --toolchain-dir /Applications/Xcode.app/Contents/Developer/Toolchains/XcodeDefault.xctoolchain --module-name XOArena --sdk-root /Applications/Xcode.app/Contents/Developer/Platforms/iPhoneSimulator.platform/Developer/SDKs/iPhoneSimulator18.5.sdk --xcode-version 16F6 --platform-family iOS --deployment-target 17.6 --bundle-identifier Gazza.XOArena --output /Users/sgazza/Library/Developer/Xcode/DerivedData/XOArena-fqdoukvydhgdohajtqjbttmkfnmy/Build/Products/Debug-iphonesimulator/XOArena.app --target-triple arm64-apple-ios17.6-simulator --binary-file /Users/sgazza/Library/Developer/Xcode/DerivedData/XOArena-fqdoukvydhgdohajtqjbttmkfnmy/Build/Products/Debug-iphonesimulator/XOArena.app/XOArena --dependency-file /Users/sgazza/Library/Developer/Xcode/DerivedData/XOArena-fqdoukvydhgdohajtqjbttmkfnmy/Build/Intermediates.noindex/XOArena.build/Debug-iphonesimulator/XOArena.build/Objects-normal/arm64/XOArena_dependency_info.dat --stringsdata-file /Users/sgazza/Library/Developer/Xcode/DerivedData/XOArena-fqdoukvydhgdohajtqjbttmkfnmy/Build/Intermediates.noindex/XOArena.build/Debug-iphonesimulator/XOArena.build/Objects-normal/arm64/ExtractedAppShortcutsMetadata.stringsdata --source-file-list /Users/sgazza/Library/Developer/Xcode/DerivedData/XOArena-fqdoukvydhgdohajtqjbttmkfnmy/Build/Intermediates.noindex/XOArena.build/Debug-iphonesimulator/XOArena.build/Objects-normal/arm64/XOArena.SwiftFileList --metadata-file-list /Users/sgazza/Library/Developer/Xcode/DerivedData/XOArena-fqdoukvydhgdohajtqjbttmkfnmy/Build/Intermediates.noindex/XOArena.build/Debug-iphonesimulator/XOArena.build/XOArena.DependencyMetadataFileList --static-metadata-file-list /Users/sgazza/Library/Developer/Xcode/DerivedData/XOArena-fqdoukvydhgdohajtqjbttmkfnmy/Build/Intermediates.noindex/XOArena.build/Debug-iphonesimulator/XOArena.build/XOArena.DependencyStaticMetadataFileList --swift-const-vals-list /Users/sgazza/Library/Developer/Xcode/DerivedData/XOArena-fqdoukvydhgdohajtqjbttmkfnmy/Build/Intermediates.noindex/XOArena.build/Debug-iphonesimulator/XOArena.build/Objects-normal/arm64/XOArena.SwiftConstValuesFileList --compile-time-extraction --deployment-aware-processing --validate-assistant-intents --no-app-shortcuts-localization
2025-07-27 07:52:36.867 appintentsmetadataprocessor[39648:896107] Starting appintentsmetadataprocessor export
2025-07-27 07:52:36.868 appintentsmetadataprocessor[39648:896107] warning: Metadata extraction skipped. No AppIntents.framework dependency found.

AppIntentsSSUTraining (in target 'XOArena' from project 'XOArena')
    cd /Volumes/External2TB/XcodeCache/Projects/XOArena
    /Applications/Xcode.app/Contents/Developer/Toolchains/XcodeDefault.xctoolchain/usr/bin/appintentsnltrainingprocessor --infoplist-path /Users/sgazza/Library/Developer/Xcode/DerivedData/XOArena-fqdoukvydhgdohajtqjbttmkfnmy/Build/Products/Debug-iphonesimulator/XOArena.app/Info.plist --temp-dir-path /Users/sgazza/Library/Developer/Xcode/DerivedData/XOArena-fqdoukvydhgdohajtqjbttmkfnmy/Build/Intermediates.noindex/XOArena.build/Debug-iphonesimulator/XOArena.build/ssu --bundle-id Gazza.XOArena --product-path /Users/sgazza/Library/Developer/Xcode/DerivedData/XOArena-fqdoukvydhgdohajtqjbttmkfnmy/Build/Products/Debug-iphonesimulator/XOArena.app --extracted-metadata-path /Users/sgazza/Library/Developer/Xcode/DerivedData/XOArena-fqdoukvydhgdohajtqjbttmkfnmy/Build/Products/Debug-iphonesimulator/XOArena.app/Metadata.appintents --metadata-file-list /Users/sgazza/Library/Developer/Xcode/DerivedData/XOArena-fqdoukvydhgdohajtqjbttmkfnmy/Build/Intermediates.noindex/XOArena.build/Debug-iphonesimulator/XOArena.build/XOArena.DependencyMetadataFileList --archive-ssu-assets
2025-07-27 07:52:36.880 appintentsnltrainingprocessor[39649:896109] Parsing options for appintentsnltrainingprocessor
2025-07-27 07:52:36.881 appintentsnltrainingprocessor[39649:896109] No AppShortcuts found - Skipping.

CodeSign /Users/sgazza/Library/Developer/Xcode/DerivedData/XOArena-fqdoukvydhgdohajtqjbttmkfnmy/Build/Products/Debug-iphonesimulator/XOArena.app/XOArena.debug.dylib (in target 'XOArena' from project 'XOArena')
    cd /Volumes/External2TB/XcodeCache/Projects/XOArena
    
    Signing Identity:     "Sign to Run Locally"
    
    /usr/bin/codesign --force --sign - --timestamp\=none --generate-entitlement-der /Users/sgazza/Library/Developer/Xcode/DerivedData/XOArena-fqdoukvydhgdohajtqjbttmkfnmy/Build/Products/Debug-iphonesimulator/XOArena.app/XOArena.debug.dylib

CodeSign /Users/sgazza/Library/Developer/Xcode/DerivedData/XOArena-fqdoukvydhgdohajtqjbttmkfnmy/Build/Products/Debug-iphonesimulator/XOArena.app/__preview.dylib (in target 'XOArena' from project 'XOArena')
    cd /Volumes/External2TB/XcodeCache/Projects/XOArena
    
    Signing Identity:     "Sign to Run Locally"
    
    /usr/bin/codesign --force --sign - --timestamp\=none --generate-entitlement-der /Users/sgazza/Library/Developer/Xcode/DerivedData/XOArena-fqdoukvydhgdohajtqjbttmkfnmy/Build/Products/Debug-iphonesimulator/XOArena.app/__preview.dylib

CodeSign /Users/sgazza/Library/Developer/Xcode/DerivedData/XOArena-fqdoukvydhgdohajtqjbttmkfnmy/Build/Products/Debug-iphonesimulator/XOArena.app (in target 'XOArena' from project 'XOArena')
    cd /Volumes/External2TB/XcodeCache/Projects/XOArena
    
    Signing Identity:     "Sign to Run Locally"
    
    /usr/bin/codesign --force --sign - --timestamp\=none --generate-entitlement-der /Users/sgazza/Library/Developer/Xcode/DerivedData/XOArena-fqdoukvydhgdohajtqjbttmkfnmy/Build/Products/Debug-iphonesimulator/XOArena.app

RegisterExecutionPolicyException /Users/sgazza/Library/Developer/Xcode/DerivedData/XOArena-fqdoukvydhgdohajtqjbttmkfnmy/Build/Products/Debug-iphonesimulator/XOArena.app (in target 'XOArena' from project 'XOArena')
    cd /Volumes/External2TB/XcodeCache/Projects/XOArena
    builtin-RegisterExecutionPolicyException /Users/sgazza/Library/Developer/Xcode/DerivedData/XOArena-fqdoukvydhgdohajtqjbttmkfnmy/Build/Products/Debug-iphonesimulator/XOArena.app

Validate /Users/sgazza/Library/Developer/Xcode/DerivedData/XOArena-fqdoukvydhgdohajtqjbttmkfnmy/Build/Products/Debug-iphonesimulator/XOArena.app (in target 'XOArena' from project 'XOArena')
    cd /Volumes/External2TB/XcodeCache/Projects/XOArena
    builtin-validationUtility /Users/sgazza/Library/Developer/Xcode/DerivedData/XOArena-fqdoukvydhgdohajtqjbttmkfnmy/Build/Products/Debug-iphonesimulator/XOArena.app -infoplist-subpath Info.plist

Touch /Users/sgazza/Library/Developer/Xcode/DerivedData/XOArena-fqdoukvydhgdohajtqjbttmkfnmy/Build/Products/Debug-iphonesimulator/XOArena.app (in target 'XOArena' from project 'XOArena')
    cd /Volumes/External2TB/XcodeCache/Projects/XOArena
    /usr/bin/touch -c /Users/sgazza/Library/Developer/Xcode/DerivedData/XOArena-fqdoukvydhgdohajtqjbttmkfnmy/Build/Products/Debug-iphonesimulator/XOArena.app

** BUILD SUCCEEDED **

